Archive member included to satisfy reference by file (symbol)

c:/apps/atmel/studio/7.0/toolchain/avr8/avr8-gnu-toolchain/bin/../lib/gcc/avr/5.4.0/avr6\libgcc.a(_divmodhi4.o)
                              main.o (__divmodhi4)
c:/apps/atmel/studio/7.0/toolchain/avr8/avr8-gnu-toolchain/bin/../lib/gcc/avr/5.4.0/avr6\libgcc.a(_udivmodsi4.o)
                              stack/hal/drivers/atmega256rfr2/src/halSleep.o (__udivmodsi4)
c:/apps/atmel/studio/7.0/toolchain/avr8/avr8-gnu-toolchain/bin/../lib/gcc/avr/5.4.0/avr6\libgcc.a(_exit.o)
                              c:/apps/atmel/studio/7.0/toolchain/avr8/avr8-gnu-toolchain/bin/../lib/gcc/avr/5.4.0/../../../../avr/lib/avr6/crtatmega256rfr2.o (exit)
c:/apps/atmel/studio/7.0/toolchain/avr8/avr8-gnu-toolchain/bin/../lib/gcc/avr/5.4.0/avr6\libgcc.a(_copy_data.o)
                              main.o (__do_copy_data)
c:/apps/atmel/studio/7.0/toolchain/avr8/avr8-gnu-toolchain/bin/../lib/gcc/avr/5.4.0/avr6\libgcc.a(_clear_bss.o)
                              main.o (__do_clear_bss)
c:/apps/atmel/studio/7.0/toolchain/avr8/avr8-gnu-toolchain/bin/../lib/gcc/avr/5.4.0/avr6\libgcc.a(_udivmodhi4.o)
                              c:/apps/atmel/studio/7.0/toolchain/avr8/avr8-gnu-toolchain/bin/../lib/gcc/avr/5.4.0/avr6\libgcc.a(_divmodhi4.o) (__udivmodhi4)
c:/apps/atmel/studio/7.0/toolchain/avr8/avr8-gnu-toolchain/bin/../lib/gcc/avr/5.4.0/../../../../avr/lib/avr6\libc.a(rand.o)
                              stack/nwk/src/nwkTx.o (rand)
c:/apps/atmel/studio/7.0/toolchain/avr8/avr8-gnu-toolchain/bin/../lib/gcc/avr/5.4.0/../../../../avr/lib/avr6\libc.a(memcpy.o)
                              stack/nwk/src/nwkDataReq.o (memcpy)
c:/apps/atmel/studio/7.0/toolchain/avr8/avr8-gnu-toolchain/bin/../lib/gcc/avr/5.4.0/../../../../avr/lib/avr6\libc.a(snprintf.o)
                              main.o (snprintf)
c:/apps/atmel/studio/7.0/toolchain/avr8/avr8-gnu-toolchain/bin/../lib/gcc/avr/5.4.0/../../../../avr/lib/avr6\libc.a(vfprintf_std.o)
                              c:/apps/atmel/studio/7.0/toolchain/avr8/avr8-gnu-toolchain/bin/../lib/gcc/avr/5.4.0/../../../../avr/lib/avr6\libc.a(snprintf.o) (vfprintf)
c:/apps/atmel/studio/7.0/toolchain/avr8/avr8-gnu-toolchain/bin/../lib/gcc/avr/5.4.0/../../../../avr/lib/avr6\libc.a(strnlen_P.o)
                              c:/apps/atmel/studio/7.0/toolchain/avr8/avr8-gnu-toolchain/bin/../lib/gcc/avr/5.4.0/../../../../avr/lib/avr6\libc.a(vfprintf_std.o) (strnlen_P)
c:/apps/atmel/studio/7.0/toolchain/avr8/avr8-gnu-toolchain/bin/../lib/gcc/avr/5.4.0/../../../../avr/lib/avr6\libc.a(strnlen.o)
                              c:/apps/atmel/studio/7.0/toolchain/avr8/avr8-gnu-toolchain/bin/../lib/gcc/avr/5.4.0/../../../../avr/lib/avr6\libc.a(vfprintf_std.o) (strnlen)
c:/apps/atmel/studio/7.0/toolchain/avr8/avr8-gnu-toolchain/bin/../lib/gcc/avr/5.4.0/../../../../avr/lib/avr6\libc.a(fputc.o)
                              c:/apps/atmel/studio/7.0/toolchain/avr8/avr8-gnu-toolchain/bin/../lib/gcc/avr/5.4.0/../../../../avr/lib/avr6\libc.a(vfprintf_std.o) (fputc)
c:/apps/atmel/studio/7.0/toolchain/avr8/avr8-gnu-toolchain/bin/../lib/gcc/avr/5.4.0/../../../../avr/lib/avr6\libc.a(ultoa_invert.o)
                              c:/apps/atmel/studio/7.0/toolchain/avr8/avr8-gnu-toolchain/bin/../lib/gcc/avr/5.4.0/../../../../avr/lib/avr6\libc.a(vfprintf_std.o) (__ultoa_invert)
c:/apps/atmel/studio/7.0/toolchain/avr8/avr8-gnu-toolchain/bin/../lib/gcc/avr/5.4.0/../../../../avr/lib/avr6\libatmega256rfr2.a(eerd_byte.o)
                              main.o (eeprom_read_byte)
c:/apps/atmel/studio/7.0/toolchain/avr8/avr8-gnu-toolchain/bin/../lib/gcc/avr/5.4.0/../../../../avr/lib/avr6\libatmega256rfr2.a(eewr_byte.o)
                              main.o (eeprom_write_byte)
c:/apps/atmel/studio/7.0/toolchain/avr8/avr8-gnu-toolchain/bin/../lib/gcc/avr/5.4.0/avr6\libgcc.a(_divmodsi4.o)
                              c:/apps/atmel/studio/7.0/toolchain/avr8/avr8-gnu-toolchain/bin/../lib/gcc/avr/5.4.0/../../../../avr/lib/avr6\libc.a(rand.o) (__divmodsi4)
c:/apps/atmel/studio/7.0/toolchain/avr8/avr8-gnu-toolchain/bin/../lib/gcc/avr/5.4.0/avr6\libgcc.a(_negsi2.o)
                              c:/apps/atmel/studio/7.0/toolchain/avr8/avr8-gnu-toolchain/bin/../lib/gcc/avr/5.4.0/avr6\libgcc.a(_divmodsi4.o) (__negsi2)
c:/apps/atmel/studio/7.0/toolchain/avr8/avr8-gnu-toolchain/bin/../lib/gcc/avr/5.4.0/avr6\libgcc.a(_muluhisi3.o)
                              c:/apps/atmel/studio/7.0/toolchain/avr8/avr8-gnu-toolchain/bin/../lib/gcc/avr/5.4.0/../../../../avr/lib/avr6\libc.a(rand.o) (__muluhisi3)
c:/apps/atmel/studio/7.0/toolchain/avr8/avr8-gnu-toolchain/bin/../lib/gcc/avr/5.4.0/avr6\libgcc.a(_mulshisi3.o)
                              c:/apps/atmel/studio/7.0/toolchain/avr8/avr8-gnu-toolchain/bin/../lib/gcc/avr/5.4.0/../../../../avr/lib/avr6\libc.a(rand.o) (__mulohisi3)
c:/apps/atmel/studio/7.0/toolchain/avr8/avr8-gnu-toolchain/bin/../lib/gcc/avr/5.4.0/avr6\libgcc.a(_umulhisi3.o)
                              c:/apps/atmel/studio/7.0/toolchain/avr8/avr8-gnu-toolchain/bin/../lib/gcc/avr/5.4.0/avr6\libgcc.a(_muluhisi3.o) (__umulhisi3)

Allocating common symbols
Common symbol       size              file

nwkIb               0x28              stack/nwk/src/nwk.o
halTimerIrqCount    0x1               stack/hal/atmega256rfr2/src/halTimer.o

Discarded input sections

 .data          0x00000000        0x0 c:/apps/atmel/studio/7.0/toolchain/avr8/avr8-gnu-toolchain/bin/../lib/gcc/avr/5.4.0/../../../../avr/lib/avr6/crtatmega256rfr2.o
 .bss           0x00000000        0x0 c:/apps/atmel/studio/7.0/toolchain/avr8/avr8-gnu-toolchain/bin/../lib/gcc/avr/5.4.0/../../../../avr/lib/avr6/crtatmega256rfr2.o
 .text          0x00000000        0x0 main.o
 .data          0x00000000        0x0 main.o
 .bss           0x00000000        0x0 main.o
 .text.appTimerHandler
                0x00000000        0x6 main.o
 .text          0x00000000        0x0 stack/hal/atmega256rfr2/src/hal.o
 .data          0x00000000        0x0 stack/hal/atmega256rfr2/src/hal.o
 .bss           0x00000000        0x0 stack/hal/atmega256rfr2/src/hal.o
 .text.HAL_Delay
                0x00000000        0x8 stack/hal/atmega256rfr2/src/hal.o
 .text          0x00000000        0x0 stack/hal/atmega256rfr2/src/halTimer.o
 .data          0x00000000        0x0 stack/hal/atmega256rfr2/src/halTimer.o
 .bss           0x00000000        0x0 stack/hal/atmega256rfr2/src/halTimer.o
 .text.HAL_TimerDelay
                0x00000000       0x44 stack/hal/atmega256rfr2/src/halTimer.o
 .text          0x00000000        0x0 stack/hal/drivers/atmega256rfr2/src/halSleep.o
 .data          0x00000000        0x0 stack/hal/drivers/atmega256rfr2/src/halSleep.o
 .bss           0x00000000        0x0 stack/hal/drivers/atmega256rfr2/src/halSleep.o
 .text.HAL_Sleep
                0x00000000      0x10c stack/hal/drivers/atmega256rfr2/src/halSleep.o
 .text          0x00000000        0x0 stack/hal/drivers/atmega256rfr2/src/halUart.o
 .data          0x00000000        0x0 stack/hal/drivers/atmega256rfr2/src/halUart.o
 .bss           0x00000000        0x0 stack/hal/drivers/atmega256rfr2/src/halUart.o
 .text          0x00000000        0x0 stack/nwk/src/nwk.o
 .data          0x00000000        0x0 stack/nwk/src/nwk.o
 .bss           0x00000000        0x0 stack/nwk/src/nwk.o
 .text.NWK_Busy
                0x00000000       0x12 stack/nwk/src/nwk.o
 .text.NWK_Lock
                0x00000000       0x10 stack/nwk/src/nwk.o
 .text.NWK_Unlock
                0x00000000       0x10 stack/nwk/src/nwk.o
 .text.NWK_SleepReq
                0x00000000        0x6 stack/nwk/src/nwk.o
 .text.NWK_WakeupReq
                0x00000000        0x6 stack/nwk/src/nwk.o
 .rodata        0x00000000        0x9 stack/nwk/src/nwk.o
 .text.NWK_LinearizeLqi
                0x00000000       0x5c stack/nwk/src/nwk.o
 .text          0x00000000        0x0 stack/nwk/src/nwkDataReq.o
 .data          0x00000000        0x0 stack/nwk/src/nwkDataReq.o
 .bss           0x00000000        0x0 stack/nwk/src/nwkDataReq.o
 .text          0x00000000        0x0 stack/nwk/src/nwkFrame.o
 .data          0x00000000        0x0 stack/nwk/src/nwkFrame.o
 .bss           0x00000000        0x0 stack/nwk/src/nwkFrame.o
 .text          0x00000000        0x0 stack/nwk/src/nwkGroup.o
 .data          0x00000000        0x0 stack/nwk/src/nwkGroup.o
 .bss           0x00000000        0x0 stack/nwk/src/nwkGroup.o
 .debug_info    0x00000000       0x56 stack/nwk/src/nwkGroup.o
 .debug_abbrev  0x00000000       0x26 stack/nwk/src/nwkGroup.o
 .debug_aranges
                0x00000000       0x18 stack/nwk/src/nwkGroup.o
 .debug_line    0x00000000       0x1a stack/nwk/src/nwkGroup.o
 .debug_str     0x00000000      0x176 stack/nwk/src/nwkGroup.o
 .comment       0x00000000       0x31 stack/nwk/src/nwkGroup.o
 .text          0x00000000        0x0 stack/nwk/src/nwkRoute.o
 .data          0x00000000        0x0 stack/nwk/src/nwkRoute.o
 .bss           0x00000000        0x0 stack/nwk/src/nwkRoute.o
 .text.NWK_RouteTable
                0x00000000        0x6 stack/nwk/src/nwkRoute.o
 .text.nwkRouteUpdateEntry
                0x00000000       0x4c stack/nwk/src/nwkRoute.o
 .text          0x00000000        0x0 stack/nwk/src/nwkRouteDiscovery.o
 .data          0x00000000        0x0 stack/nwk/src/nwkRouteDiscovery.o
 .bss           0x00000000        0x0 stack/nwk/src/nwkRouteDiscovery.o
 .debug_info    0x00000000       0x64 stack/nwk/src/nwkRouteDiscovery.o
 .debug_abbrev  0x00000000       0x26 stack/nwk/src/nwkRouteDiscovery.o
 .debug_aranges
                0x00000000       0x18 stack/nwk/src/nwkRouteDiscovery.o
 .debug_line    0x00000000       0x1a stack/nwk/src/nwkRouteDiscovery.o
 .debug_str     0x00000000      0x18e stack/nwk/src/nwkRouteDiscovery.o
 .comment       0x00000000       0x31 stack/nwk/src/nwkRouteDiscovery.o
 .text          0x00000000        0x0 stack/nwk/src/nwkRx.o
 .data          0x00000000        0x0 stack/nwk/src/nwkRx.o
 .bss           0x00000000        0x0 stack/nwk/src/nwkRx.o
 .text.NWK_SetAckControl
                0x00000000        0x6 stack/nwk/src/nwkRx.o
 .text          0x00000000        0x0 stack/nwk/src/nwkSecurity.o
 .data          0x00000000        0x0 stack/nwk/src/nwkSecurity.o
 .bss           0x00000000        0x0 stack/nwk/src/nwkSecurity.o
 .debug_info    0x00000000       0x64 stack/nwk/src/nwkSecurity.o
 .debug_abbrev  0x00000000       0x26 stack/nwk/src/nwkSecurity.o
 .debug_aranges
                0x00000000       0x18 stack/nwk/src/nwkSecurity.o
 .debug_line    0x00000000       0x1a stack/nwk/src/nwkSecurity.o
 .debug_str     0x00000000      0x188 stack/nwk/src/nwkSecurity.o
 .comment       0x00000000       0x31 stack/nwk/src/nwkSecurity.o
 .text          0x00000000        0x0 stack/nwk/src/nwkTx.o
 .data          0x00000000        0x0 stack/nwk/src/nwkTx.o
 .bss           0x00000000        0x0 stack/nwk/src/nwkTx.o
 .text.nwkTxConfirm
                0x00000000        0xe stack/nwk/src/nwkTx.o
 .text          0x00000000        0x0 stack/phy/atmega256rfr2/src/phy.o
 .data          0x00000000        0x0 stack/phy/atmega256rfr2/src/phy.o
 .bss           0x00000000        0x0 stack/phy/atmega256rfr2/src/phy.o
 .text.PHY_SetBand
                0x00000000        0xa stack/phy/atmega256rfr2/src/phy.o
 .text.PHY_SetTxPower
                0x00000000       0x10 stack/phy/atmega256rfr2/src/phy.o
 .text.PHY_Sleep
                0x00000000       0x18 stack/phy/atmega256rfr2/src/phy.o
 .text.PHY_Wakeup
                0x00000000       0x16 stack/phy/atmega256rfr2/src/phy.o
 .text          0x00000000        0x0 stack/sys/src/sys.o
 .data          0x00000000        0x0 stack/sys/src/sys.o
 .bss           0x00000000        0x0 stack/sys/src/sys.o
 .text          0x00000000        0x0 stack/sys/src/sysEncrypt.o
 .data          0x00000000        0x0 stack/sys/src/sysEncrypt.o
 .bss           0x00000000        0x0 stack/sys/src/sysEncrypt.o
 .debug_info    0x00000000       0x56 stack/sys/src/sysEncrypt.o
 .debug_abbrev  0x00000000       0x26 stack/sys/src/sysEncrypt.o
 .debug_aranges
                0x00000000       0x18 stack/sys/src/sysEncrypt.o
 .debug_line    0x00000000       0x1a stack/sys/src/sysEncrypt.o
 .debug_str     0x00000000      0x178 stack/sys/src/sysEncrypt.o
 .comment       0x00000000       0x31 stack/sys/src/sysEncrypt.o
 .text          0x00000000        0x0 stack/sys/src/sysTimer.o
 .data          0x00000000        0x0 stack/sys/src/sysTimer.o
 .bss           0x00000000        0x0 stack/sys/src/sysTimer.o
 .text.SYS_TimerStop
                0x00000000       0x7a stack/sys/src/sysTimer.o
 .text          0x00000000        0x0 c:/apps/atmel/studio/7.0/toolchain/avr8/avr8-gnu-toolchain/bin/../lib/gcc/avr/5.4.0/avr6\libgcc.a(_divmodhi4.o)
 .data          0x00000000        0x0 c:/apps/atmel/studio/7.0/toolchain/avr8/avr8-gnu-toolchain/bin/../lib/gcc/avr/5.4.0/avr6\libgcc.a(_divmodhi4.o)
 .bss           0x00000000        0x0 c:/apps/atmel/studio/7.0/toolchain/avr8/avr8-gnu-toolchain/bin/../lib/gcc/avr/5.4.0/avr6\libgcc.a(_divmodhi4.o)
 .text.libgcc.mul
                0x00000000        0x0 c:/apps/atmel/studio/7.0/toolchain/avr8/avr8-gnu-toolchain/bin/../lib/gcc/avr/5.4.0/avr6\libgcc.a(_divmodhi4.o)
 .text.libgcc   0x00000000        0x0 c:/apps/atmel/studio/7.0/toolchain/avr8/avr8-gnu-toolchain/bin/../lib/gcc/avr/5.4.0/avr6\libgcc.a(_divmodhi4.o)
 .text.libgcc.prologue
                0x00000000        0x0 c:/apps/atmel/studio/7.0/toolchain/avr8/avr8-gnu-toolchain/bin/../lib/gcc/avr/5.4.0/avr6\libgcc.a(_divmodhi4.o)
 .text.libgcc.builtins
                0x00000000        0x0 c:/apps/atmel/studio/7.0/toolchain/avr8/avr8-gnu-toolchain/bin/../lib/gcc/avr/5.4.0/avr6\libgcc.a(_divmodhi4.o)
 .text.libgcc.fmul
                0x00000000        0x0 c:/apps/atmel/studio/7.0/toolchain/avr8/avr8-gnu-toolchain/bin/../lib/gcc/avr/5.4.0/avr6\libgcc.a(_divmodhi4.o)
 .text.libgcc.fixed
                0x00000000        0x0 c:/apps/atmel/studio/7.0/toolchain/avr8/avr8-gnu-toolchain/bin/../lib/gcc/avr/5.4.0/avr6\libgcc.a(_divmodhi4.o)
 .text          0x00000000        0x0 c:/apps/atmel/studio/7.0/toolchain/avr8/avr8-gnu-toolchain/bin/../lib/gcc/avr/5.4.0/avr6\libgcc.a(_udivmodsi4.o)
 .data          0x00000000        0x0 c:/apps/atmel/studio/7.0/toolchain/avr8/avr8-gnu-toolchain/bin/../lib/gcc/avr/5.4.0/avr6\libgcc.a(_udivmodsi4.o)
 .bss           0x00000000        0x0 c:/apps/atmel/studio/7.0/toolchain/avr8/avr8-gnu-toolchain/bin/../lib/gcc/avr/5.4.0/avr6\libgcc.a(_udivmodsi4.o)
 .text.libgcc.mul
                0x00000000        0x0 c:/apps/atmel/studio/7.0/toolchain/avr8/avr8-gnu-toolchain/bin/../lib/gcc/avr/5.4.0/avr6\libgcc.a(_udivmodsi4.o)
 .text.libgcc   0x00000000        0x0 c:/apps/atmel/studio/7.0/toolchain/avr8/avr8-gnu-toolchain/bin/../lib/gcc/avr/5.4.0/avr6\libgcc.a(_udivmodsi4.o)
 .text.libgcc.prologue
                0x00000000        0x0 c:/apps/atmel/studio/7.0/toolchain/avr8/avr8-gnu-toolchain/bin/../lib/gcc/avr/5.4.0/avr6\libgcc.a(_udivmodsi4.o)
 .text.libgcc.builtins
                0x00000000        0x0 c:/apps/atmel/studio/7.0/toolchain/avr8/avr8-gnu-toolchain/bin/../lib/gcc/avr/5.4.0/avr6\libgcc.a(_udivmodsi4.o)
 .text.libgcc.fmul
                0x00000000        0x0 c:/apps/atmel/studio/7.0/toolchain/avr8/avr8-gnu-toolchain/bin/../lib/gcc/avr/5.4.0/avr6\libgcc.a(_udivmodsi4.o)
 .text.libgcc.fixed
                0x00000000        0x0 c:/apps/atmel/studio/7.0/toolchain/avr8/avr8-gnu-toolchain/bin/../lib/gcc/avr/5.4.0/avr6\libgcc.a(_udivmodsi4.o)
 .text          0x00000000        0x0 c:/apps/atmel/studio/7.0/toolchain/avr8/avr8-gnu-toolchain/bin/../lib/gcc/avr/5.4.0/avr6\libgcc.a(_exit.o)
 .data          0x00000000        0x0 c:/apps/atmel/studio/7.0/toolchain/avr8/avr8-gnu-toolchain/bin/../lib/gcc/avr/5.4.0/avr6\libgcc.a(_exit.o)
 .bss           0x00000000        0x0 c:/apps/atmel/studio/7.0/toolchain/avr8/avr8-gnu-toolchain/bin/../lib/gcc/avr/5.4.0/avr6\libgcc.a(_exit.o)
 .text.libgcc.mul
                0x00000000        0x0 c:/apps/atmel/studio/7.0/toolchain/avr8/avr8-gnu-toolchain/bin/../lib/gcc/avr/5.4.0/avr6\libgcc.a(_exit.o)
 .text.libgcc.div
                0x00000000        0x0 c:/apps/atmel/studio/7.0/toolchain/avr8/avr8-gnu-toolchain/bin/../lib/gcc/avr/5.4.0/avr6\libgcc.a(_exit.o)
 .text.libgcc   0x00000000        0x0 c:/apps/atmel/studio/7.0/toolchain/avr8/avr8-gnu-toolchain/bin/../lib/gcc/avr/5.4.0/avr6\libgcc.a(_exit.o)
 .text.libgcc.prologue
                0x00000000        0x0 c:/apps/atmel/studio/7.0/toolchain/avr8/avr8-gnu-toolchain/bin/../lib/gcc/avr/5.4.0/avr6\libgcc.a(_exit.o)
 .text.libgcc.builtins
                0x00000000        0x0 c:/apps/atmel/studio/7.0/toolchain/avr8/avr8-gnu-toolchain/bin/../lib/gcc/avr/5.4.0/avr6\libgcc.a(_exit.o)
 .text.libgcc.fmul
                0x00000000        0x0 c:/apps/atmel/studio/7.0/toolchain/avr8/avr8-gnu-toolchain/bin/../lib/gcc/avr/5.4.0/avr6\libgcc.a(_exit.o)
 .text.libgcc.fixed
                0x00000000        0x0 c:/apps/atmel/studio/7.0/toolchain/avr8/avr8-gnu-toolchain/bin/../lib/gcc/avr/5.4.0/avr6\libgcc.a(_exit.o)
 .text          0x00000000        0x0 c:/apps/atmel/studio/7.0/toolchain/avr8/avr8-gnu-toolchain/bin/../lib/gcc/avr/5.4.0/avr6\libgcc.a(_copy_data.o)
 .data          0x00000000        0x0 c:/apps/atmel/studio/7.0/toolchain/avr8/avr8-gnu-toolchain/bin/../lib/gcc/avr/5.4.0/avr6\libgcc.a(_copy_data.o)
 .bss           0x00000000        0x0 c:/apps/atmel/studio/7.0/toolchain/avr8/avr8-gnu-toolchain/bin/../lib/gcc/avr/5.4.0/avr6\libgcc.a(_copy_data.o)
 .text.libgcc.mul
                0x00000000        0x0 c:/apps/atmel/studio/7.0/toolchain/avr8/avr8-gnu-toolchain/bin/../lib/gcc/avr/5.4.0/avr6\libgcc.a(_copy_data.o)
 .text.libgcc.div
                0x00000000        0x0 c:/apps/atmel/studio/7.0/toolchain/avr8/avr8-gnu-toolchain/bin/../lib/gcc/avr/5.4.0/avr6\libgcc.a(_copy_data.o)
 .text.libgcc   0x00000000        0x0 c:/apps/atmel/studio/7.0/toolchain/avr8/avr8-gnu-toolchain/bin/../lib/gcc/avr/5.4.0/avr6\libgcc.a(_copy_data.o)
 .text.libgcc.prologue
                0x00000000        0x0 c:/apps/atmel/studio/7.0/toolchain/avr8/avr8-gnu-toolchain/bin/../lib/gcc/avr/5.4.0/avr6\libgcc.a(_copy_data.o)
 .text.libgcc.builtins
                0x00000000        0x0 c:/apps/atmel/studio/7.0/toolchain/avr8/avr8-gnu-toolchain/bin/../lib/gcc/avr/5.4.0/avr6\libgcc.a(_copy_data.o)
 .text.libgcc.fmul
                0x00000000        0x0 c:/apps/atmel/studio/7.0/toolchain/avr8/avr8-gnu-toolchain/bin/../lib/gcc/avr/5.4.0/avr6\libgcc.a(_copy_data.o)
 .text.libgcc.fixed
                0x00000000        0x0 c:/apps/atmel/studio/7.0/toolchain/avr8/avr8-gnu-toolchain/bin/../lib/gcc/avr/5.4.0/avr6\libgcc.a(_copy_data.o)
 .text          0x00000000        0x0 c:/apps/atmel/studio/7.0/toolchain/avr8/avr8-gnu-toolchain/bin/../lib/gcc/avr/5.4.0/avr6\libgcc.a(_clear_bss.o)
 .data          0x00000000        0x0 c:/apps/atmel/studio/7.0/toolchain/avr8/avr8-gnu-toolchain/bin/../lib/gcc/avr/5.4.0/avr6\libgcc.a(_clear_bss.o)
 .bss           0x00000000        0x0 c:/apps/atmel/studio/7.0/toolchain/avr8/avr8-gnu-toolchain/bin/../lib/gcc/avr/5.4.0/avr6\libgcc.a(_clear_bss.o)
 .text.libgcc.mul
                0x00000000        0x0 c:/apps/atmel/studio/7.0/toolchain/avr8/avr8-gnu-toolchain/bin/../lib/gcc/avr/5.4.0/avr6\libgcc.a(_clear_bss.o)
 .text.libgcc.div
                0x00000000        0x0 c:/apps/atmel/studio/7.0/toolchain/avr8/avr8-gnu-toolchain/bin/../lib/gcc/avr/5.4.0/avr6\libgcc.a(_clear_bss.o)
 .text.libgcc   0x00000000        0x0 c:/apps/atmel/studio/7.0/toolchain/avr8/avr8-gnu-toolchain/bin/../lib/gcc/avr/5.4.0/avr6\libgcc.a(_clear_bss.o)
 .text.libgcc.prologue
                0x00000000        0x0 c:/apps/atmel/studio/7.0/toolchain/avr8/avr8-gnu-toolchain/bin/../lib/gcc/avr/5.4.0/avr6\libgcc.a(_clear_bss.o)
 .text.libgcc.builtins
                0x00000000        0x0 c:/apps/atmel/studio/7.0/toolchain/avr8/avr8-gnu-toolchain/bin/../lib/gcc/avr/5.4.0/avr6\libgcc.a(_clear_bss.o)
 .text.libgcc.fmul
                0x00000000        0x0 c:/apps/atmel/studio/7.0/toolchain/avr8/avr8-gnu-toolchain/bin/../lib/gcc/avr/5.4.0/avr6\libgcc.a(_clear_bss.o)
 .text.libgcc.fixed
                0x00000000        0x0 c:/apps/atmel/studio/7.0/toolchain/avr8/avr8-gnu-toolchain/bin/../lib/gcc/avr/5.4.0/avr6\libgcc.a(_clear_bss.o)
 .text          0x00000000        0x0 c:/apps/atmel/studio/7.0/toolchain/avr8/avr8-gnu-toolchain/bin/../lib/gcc/avr/5.4.0/avr6\libgcc.a(_udivmodhi4.o)
 .data          0x00000000        0x0 c:/apps/atmel/studio/7.0/toolchain/avr8/avr8-gnu-toolchain/bin/../lib/gcc/avr/5.4.0/avr6\libgcc.a(_udivmodhi4.o)
 .bss           0x00000000        0x0 c:/apps/atmel/studio/7.0/toolchain/avr8/avr8-gnu-toolchain/bin/../lib/gcc/avr/5.4.0/avr6\libgcc.a(_udivmodhi4.o)
 .text.libgcc.mul
                0x00000000        0x0 c:/apps/atmel/studio/7.0/toolchain/avr8/avr8-gnu-toolchain/bin/../lib/gcc/avr/5.4.0/avr6\libgcc.a(_udivmodhi4.o)
 .text.libgcc   0x00000000        0x0 c:/apps/atmel/studio/7.0/toolchain/avr8/avr8-gnu-toolchain/bin/../lib/gcc/avr/5.4.0/avr6\libgcc.a(_udivmodhi4.o)
 .text.libgcc.prologue
                0x00000000        0x0 c:/apps/atmel/studio/7.0/toolchain/avr8/avr8-gnu-toolchain/bin/../lib/gcc/avr/5.4.0/avr6\libgcc.a(_udivmodhi4.o)
 .text.libgcc.builtins
                0x00000000        0x0 c:/apps/atmel/studio/7.0/toolchain/avr8/avr8-gnu-toolchain/bin/../lib/gcc/avr/5.4.0/avr6\libgcc.a(_udivmodhi4.o)
 .text.libgcc.fmul
                0x00000000        0x0 c:/apps/atmel/studio/7.0/toolchain/avr8/avr8-gnu-toolchain/bin/../lib/gcc/avr/5.4.0/avr6\libgcc.a(_udivmodhi4.o)
 .text.libgcc.fixed
                0x00000000        0x0 c:/apps/atmel/studio/7.0/toolchain/avr8/avr8-gnu-toolchain/bin/../lib/gcc/avr/5.4.0/avr6\libgcc.a(_udivmodhi4.o)
 .text          0x00000000        0x0 c:/apps/atmel/studio/7.0/toolchain/avr8/avr8-gnu-toolchain/bin/../lib/gcc/avr/5.4.0/../../../../avr/lib/avr6\libc.a(rand.o)
 .bss           0x00000000        0x0 c:/apps/atmel/studio/7.0/toolchain/avr8/avr8-gnu-toolchain/bin/../lib/gcc/avr/5.4.0/../../../../avr/lib/avr6\libc.a(rand.o)
 .text          0x00000000        0x0 c:/apps/atmel/studio/7.0/toolchain/avr8/avr8-gnu-toolchain/bin/../lib/gcc/avr/5.4.0/../../../../avr/lib/avr6\libc.a(memcpy.o)
 .data          0x00000000        0x0 c:/apps/atmel/studio/7.0/toolchain/avr8/avr8-gnu-toolchain/bin/../lib/gcc/avr/5.4.0/../../../../avr/lib/avr6\libc.a(memcpy.o)
 .bss           0x00000000        0x0 c:/apps/atmel/studio/7.0/toolchain/avr8/avr8-gnu-toolchain/bin/../lib/gcc/avr/5.4.0/../../../../avr/lib/avr6\libc.a(memcpy.o)
 .text          0x00000000        0x0 c:/apps/atmel/studio/7.0/toolchain/avr8/avr8-gnu-toolchain/bin/../lib/gcc/avr/5.4.0/../../../../avr/lib/avr6\libc.a(snprintf.o)
 .data          0x00000000        0x0 c:/apps/atmel/studio/7.0/toolchain/avr8/avr8-gnu-toolchain/bin/../lib/gcc/avr/5.4.0/../../../../avr/lib/avr6\libc.a(snprintf.o)
 .bss           0x00000000        0x0 c:/apps/atmel/studio/7.0/toolchain/avr8/avr8-gnu-toolchain/bin/../lib/gcc/avr/5.4.0/../../../../avr/lib/avr6\libc.a(snprintf.o)
 .text          0x00000000        0x0 c:/apps/atmel/studio/7.0/toolchain/avr8/avr8-gnu-toolchain/bin/../lib/gcc/avr/5.4.0/../../../../avr/lib/avr6\libc.a(vfprintf_std.o)
 .data          0x00000000        0x0 c:/apps/atmel/studio/7.0/toolchain/avr8/avr8-gnu-toolchain/bin/../lib/gcc/avr/5.4.0/../../../../avr/lib/avr6\libc.a(vfprintf_std.o)
 .bss           0x00000000        0x0 c:/apps/atmel/studio/7.0/toolchain/avr8/avr8-gnu-toolchain/bin/../lib/gcc/avr/5.4.0/../../../../avr/lib/avr6\libc.a(vfprintf_std.o)
 .text          0x00000000        0x0 c:/apps/atmel/studio/7.0/toolchain/avr8/avr8-gnu-toolchain/bin/../lib/gcc/avr/5.4.0/../../../../avr/lib/avr6\libc.a(strnlen_P.o)
 .data          0x00000000        0x0 c:/apps/atmel/studio/7.0/toolchain/avr8/avr8-gnu-toolchain/bin/../lib/gcc/avr/5.4.0/../../../../avr/lib/avr6\libc.a(strnlen_P.o)
 .bss           0x00000000        0x0 c:/apps/atmel/studio/7.0/toolchain/avr8/avr8-gnu-toolchain/bin/../lib/gcc/avr/5.4.0/../../../../avr/lib/avr6\libc.a(strnlen_P.o)
 .text          0x00000000        0x0 c:/apps/atmel/studio/7.0/toolchain/avr8/avr8-gnu-toolchain/bin/../lib/gcc/avr/5.4.0/../../../../avr/lib/avr6\libc.a(strnlen.o)
 .data          0x00000000        0x0 c:/apps/atmel/studio/7.0/toolchain/avr8/avr8-gnu-toolchain/bin/../lib/gcc/avr/5.4.0/../../../../avr/lib/avr6\libc.a(strnlen.o)
 .bss           0x00000000        0x0 c:/apps/atmel/studio/7.0/toolchain/avr8/avr8-gnu-toolchain/bin/../lib/gcc/avr/5.4.0/../../../../avr/lib/avr6\libc.a(strnlen.o)
 .text          0x00000000        0x0 c:/apps/atmel/studio/7.0/toolchain/avr8/avr8-gnu-toolchain/bin/../lib/gcc/avr/5.4.0/../../../../avr/lib/avr6\libc.a(fputc.o)
 .data          0x00000000        0x0 c:/apps/atmel/studio/7.0/toolchain/avr8/avr8-gnu-toolchain/bin/../lib/gcc/avr/5.4.0/../../../../avr/lib/avr6\libc.a(fputc.o)
 .bss           0x00000000        0x0 c:/apps/atmel/studio/7.0/toolchain/avr8/avr8-gnu-toolchain/bin/../lib/gcc/avr/5.4.0/../../../../avr/lib/avr6\libc.a(fputc.o)
 .text          0x00000000        0x0 c:/apps/atmel/studio/7.0/toolchain/avr8/avr8-gnu-toolchain/bin/../lib/gcc/avr/5.4.0/../../../../avr/lib/avr6\libc.a(ultoa_invert.o)
 .data          0x00000000        0x0 c:/apps/atmel/studio/7.0/toolchain/avr8/avr8-gnu-toolchain/bin/../lib/gcc/avr/5.4.0/../../../../avr/lib/avr6\libc.a(ultoa_invert.o)
 .bss           0x00000000        0x0 c:/apps/atmel/studio/7.0/toolchain/avr8/avr8-gnu-toolchain/bin/../lib/gcc/avr/5.4.0/../../../../avr/lib/avr6\libc.a(ultoa_invert.o)
 .text          0x00000000        0x0 c:/apps/atmel/studio/7.0/toolchain/avr8/avr8-gnu-toolchain/bin/../lib/gcc/avr/5.4.0/../../../../avr/lib/avr6\libatmega256rfr2.a(eerd_byte.o)
 .data          0x00000000        0x0 c:/apps/atmel/studio/7.0/toolchain/avr8/avr8-gnu-toolchain/bin/../lib/gcc/avr/5.4.0/../../../../avr/lib/avr6\libatmega256rfr2.a(eerd_byte.o)
 .bss           0x00000000        0x0 c:/apps/atmel/studio/7.0/toolchain/avr8/avr8-gnu-toolchain/bin/../lib/gcc/avr/5.4.0/../../../../avr/lib/avr6\libatmega256rfr2.a(eerd_byte.o)
 .text          0x00000000        0x0 c:/apps/atmel/studio/7.0/toolchain/avr8/avr8-gnu-toolchain/bin/../lib/gcc/avr/5.4.0/../../../../avr/lib/avr6\libatmega256rfr2.a(eewr_byte.o)
 .data          0x00000000        0x0 c:/apps/atmel/studio/7.0/toolchain/avr8/avr8-gnu-toolchain/bin/../lib/gcc/avr/5.4.0/../../../../avr/lib/avr6\libatmega256rfr2.a(eewr_byte.o)
 .bss           0x00000000        0x0 c:/apps/atmel/studio/7.0/toolchain/avr8/avr8-gnu-toolchain/bin/../lib/gcc/avr/5.4.0/../../../../avr/lib/avr6\libatmega256rfr2.a(eewr_byte.o)
 .text          0x00000000        0x0 c:/apps/atmel/studio/7.0/toolchain/avr8/avr8-gnu-toolchain/bin/../lib/gcc/avr/5.4.0/avr6\libgcc.a(_divmodsi4.o)
 .data          0x00000000        0x0 c:/apps/atmel/studio/7.0/toolchain/avr8/avr8-gnu-toolchain/bin/../lib/gcc/avr/5.4.0/avr6\libgcc.a(_divmodsi4.o)
 .bss           0x00000000        0x0 c:/apps/atmel/studio/7.0/toolchain/avr8/avr8-gnu-toolchain/bin/../lib/gcc/avr/5.4.0/avr6\libgcc.a(_divmodsi4.o)
 .text.libgcc.mul
                0x00000000        0x0 c:/apps/atmel/studio/7.0/toolchain/avr8/avr8-gnu-toolchain/bin/../lib/gcc/avr/5.4.0/avr6\libgcc.a(_divmodsi4.o)
 .text.libgcc   0x00000000        0x0 c:/apps/atmel/studio/7.0/toolchain/avr8/avr8-gnu-toolchain/bin/../lib/gcc/avr/5.4.0/avr6\libgcc.a(_divmodsi4.o)
 .text.libgcc.prologue
                0x00000000        0x0 c:/apps/atmel/studio/7.0/toolchain/avr8/avr8-gnu-toolchain/bin/../lib/gcc/avr/5.4.0/avr6\libgcc.a(_divmodsi4.o)
 .text.libgcc.builtins
                0x00000000        0x0 c:/apps/atmel/studio/7.0/toolchain/avr8/avr8-gnu-toolchain/bin/../lib/gcc/avr/5.4.0/avr6\libgcc.a(_divmodsi4.o)
 .text.libgcc.fmul
                0x00000000        0x0 c:/apps/atmel/studio/7.0/toolchain/avr8/avr8-gnu-toolchain/bin/../lib/gcc/avr/5.4.0/avr6\libgcc.a(_divmodsi4.o)
 .text.libgcc.fixed
                0x00000000        0x0 c:/apps/atmel/studio/7.0/toolchain/avr8/avr8-gnu-toolchain/bin/../lib/gcc/avr/5.4.0/avr6\libgcc.a(_divmodsi4.o)
 .text          0x00000000        0x0 c:/apps/atmel/studio/7.0/toolchain/avr8/avr8-gnu-toolchain/bin/../lib/gcc/avr/5.4.0/avr6\libgcc.a(_negsi2.o)
 .data          0x00000000        0x0 c:/apps/atmel/studio/7.0/toolchain/avr8/avr8-gnu-toolchain/bin/../lib/gcc/avr/5.4.0/avr6\libgcc.a(_negsi2.o)
 .bss           0x00000000        0x0 c:/apps/atmel/studio/7.0/toolchain/avr8/avr8-gnu-toolchain/bin/../lib/gcc/avr/5.4.0/avr6\libgcc.a(_negsi2.o)
 .text.libgcc.mul
                0x00000000        0x0 c:/apps/atmel/studio/7.0/toolchain/avr8/avr8-gnu-toolchain/bin/../lib/gcc/avr/5.4.0/avr6\libgcc.a(_negsi2.o)
 .text.libgcc   0x00000000        0x0 c:/apps/atmel/studio/7.0/toolchain/avr8/avr8-gnu-toolchain/bin/../lib/gcc/avr/5.4.0/avr6\libgcc.a(_negsi2.o)
 .text.libgcc.prologue
                0x00000000        0x0 c:/apps/atmel/studio/7.0/toolchain/avr8/avr8-gnu-toolchain/bin/../lib/gcc/avr/5.4.0/avr6\libgcc.a(_negsi2.o)
 .text.libgcc.builtins
                0x00000000        0x0 c:/apps/atmel/studio/7.0/toolchain/avr8/avr8-gnu-toolchain/bin/../lib/gcc/avr/5.4.0/avr6\libgcc.a(_negsi2.o)
 .text.libgcc.fmul
                0x00000000        0x0 c:/apps/atmel/studio/7.0/toolchain/avr8/avr8-gnu-toolchain/bin/../lib/gcc/avr/5.4.0/avr6\libgcc.a(_negsi2.o)
 .text.libgcc.fixed
                0x00000000        0x0 c:/apps/atmel/studio/7.0/toolchain/avr8/avr8-gnu-toolchain/bin/../lib/gcc/avr/5.4.0/avr6\libgcc.a(_negsi2.o)
 .text          0x00000000        0x0 c:/apps/atmel/studio/7.0/toolchain/avr8/avr8-gnu-toolchain/bin/../lib/gcc/avr/5.4.0/avr6\libgcc.a(_muluhisi3.o)
 .data          0x00000000        0x0 c:/apps/atmel/studio/7.0/toolchain/avr8/avr8-gnu-toolchain/bin/../lib/gcc/avr/5.4.0/avr6\libgcc.a(_muluhisi3.o)
 .bss           0x00000000        0x0 c:/apps/atmel/studio/7.0/toolchain/avr8/avr8-gnu-toolchain/bin/../lib/gcc/avr/5.4.0/avr6\libgcc.a(_muluhisi3.o)
 .text.libgcc.div
                0x00000000        0x0 c:/apps/atmel/studio/7.0/toolchain/avr8/avr8-gnu-toolchain/bin/../lib/gcc/avr/5.4.0/avr6\libgcc.a(_muluhisi3.o)
 .text.libgcc   0x00000000        0x0 c:/apps/atmel/studio/7.0/toolchain/avr8/avr8-gnu-toolchain/bin/../lib/gcc/avr/5.4.0/avr6\libgcc.a(_muluhisi3.o)
 .text.libgcc.prologue
                0x00000000        0x0 c:/apps/atmel/studio/7.0/toolchain/avr8/avr8-gnu-toolchain/bin/../lib/gcc/avr/5.4.0/avr6\libgcc.a(_muluhisi3.o)
 .text.libgcc.builtins
                0x00000000        0x0 c:/apps/atmel/studio/7.0/toolchain/avr8/avr8-gnu-toolchain/bin/../lib/gcc/avr/5.4.0/avr6\libgcc.a(_muluhisi3.o)
 .text.libgcc.fmul
                0x00000000        0x0 c:/apps/atmel/studio/7.0/toolchain/avr8/avr8-gnu-toolchain/bin/../lib/gcc/avr/5.4.0/avr6\libgcc.a(_muluhisi3.o)
 .text.libgcc.fixed
                0x00000000        0x0 c:/apps/atmel/studio/7.0/toolchain/avr8/avr8-gnu-toolchain/bin/../lib/gcc/avr/5.4.0/avr6\libgcc.a(_muluhisi3.o)
 .text          0x00000000        0x0 c:/apps/atmel/studio/7.0/toolchain/avr8/avr8-gnu-toolchain/bin/../lib/gcc/avr/5.4.0/avr6\libgcc.a(_mulshisi3.o)
 .data          0x00000000        0x0 c:/apps/atmel/studio/7.0/toolchain/avr8/avr8-gnu-toolchain/bin/../lib/gcc/avr/5.4.0/avr6\libgcc.a(_mulshisi3.o)
 .bss           0x00000000        0x0 c:/apps/atmel/studio/7.0/toolchain/avr8/avr8-gnu-toolchain/bin/../lib/gcc/avr/5.4.0/avr6\libgcc.a(_mulshisi3.o)
 .text.libgcc.div
                0x00000000        0x0 c:/apps/atmel/studio/7.0/toolchain/avr8/avr8-gnu-toolchain/bin/../lib/gcc/avr/5.4.0/avr6\libgcc.a(_mulshisi3.o)
 .text.libgcc   0x00000000        0x0 c:/apps/atmel/studio/7.0/toolchain/avr8/avr8-gnu-toolchain/bin/../lib/gcc/avr/5.4.0/avr6\libgcc.a(_mulshisi3.o)
 .text.libgcc.prologue
                0x00000000        0x0 c:/apps/atmel/studio/7.0/toolchain/avr8/avr8-gnu-toolchain/bin/../lib/gcc/avr/5.4.0/avr6\libgcc.a(_mulshisi3.o)
 .text.libgcc.builtins
                0x00000000        0x0 c:/apps/atmel/studio/7.0/toolchain/avr8/avr8-gnu-toolchain/bin/../lib/gcc/avr/5.4.0/avr6\libgcc.a(_mulshisi3.o)
 .text.libgcc.fmul
                0x00000000        0x0 c:/apps/atmel/studio/7.0/toolchain/avr8/avr8-gnu-toolchain/bin/../lib/gcc/avr/5.4.0/avr6\libgcc.a(_mulshisi3.o)
 .text.libgcc.fixed
                0x00000000        0x0 c:/apps/atmel/studio/7.0/toolchain/avr8/avr8-gnu-toolchain/bin/../lib/gcc/avr/5.4.0/avr6\libgcc.a(_mulshisi3.o)
 .text          0x00000000        0x0 c:/apps/atmel/studio/7.0/toolchain/avr8/avr8-gnu-toolchain/bin/../lib/gcc/avr/5.4.0/avr6\libgcc.a(_umulhisi3.o)
 .data          0x00000000        0x0 c:/apps/atmel/studio/7.0/toolchain/avr8/avr8-gnu-toolchain/bin/../lib/gcc/avr/5.4.0/avr6\libgcc.a(_umulhisi3.o)
 .bss           0x00000000        0x0 c:/apps/atmel/studio/7.0/toolchain/avr8/avr8-gnu-toolchain/bin/../lib/gcc/avr/5.4.0/avr6\libgcc.a(_umulhisi3.o)
 .text.libgcc.div
                0x00000000        0x0 c:/apps/atmel/studio/7.0/toolchain/avr8/avr8-gnu-toolchain/bin/../lib/gcc/avr/5.4.0/avr6\libgcc.a(_umulhisi3.o)
 .text.libgcc   0x00000000        0x0 c:/apps/atmel/studio/7.0/toolchain/avr8/avr8-gnu-toolchain/bin/../lib/gcc/avr/5.4.0/avr6\libgcc.a(_umulhisi3.o)
 .text.libgcc.prologue
                0x00000000        0x0 c:/apps/atmel/studio/7.0/toolchain/avr8/avr8-gnu-toolchain/bin/../lib/gcc/avr/5.4.0/avr6\libgcc.a(_umulhisi3.o)
 .text.libgcc.builtins
                0x00000000        0x0 c:/apps/atmel/studio/7.0/toolchain/avr8/avr8-gnu-toolchain/bin/../lib/gcc/avr/5.4.0/avr6\libgcc.a(_umulhisi3.o)
 .text.libgcc.fmul
                0x00000000        0x0 c:/apps/atmel/studio/7.0/toolchain/avr8/avr8-gnu-toolchain/bin/../lib/gcc/avr/5.4.0/avr6\libgcc.a(_umulhisi3.o)
 .text.libgcc.fixed
                0x00000000        0x0 c:/apps/atmel/studio/7.0/toolchain/avr8/avr8-gnu-toolchain/bin/../lib/gcc/avr/5.4.0/avr6\libgcc.a(_umulhisi3.o)

Memory Configuration

Name             Origin             Length             Attributes
text             0x00000000         0x00040000         xr
data             0x00800200         0x00008000         rw !x
eeprom           0x00810000         0x00002000         rw !x
fuse             0x00820000         0x00000003         rw !x
lock             0x00830000         0x00000400         rw !x
signature        0x00840000         0x00000400         rw !x
user_signatures  0x00850000         0x00000400         rw !x
*default*        0x00000000         0xffffffff

Linker script and memory map

Address of section .data set to 0x800200
LOAD c:/apps/atmel/studio/7.0/toolchain/avr8/avr8-gnu-toolchain/bin/../lib/gcc/avr/5.4.0/../../../../avr/lib/avr6/crtatmega256rfr2.o
LOAD main.o
LOAD stack/hal/atmega256rfr2/src/hal.o
LOAD stack/hal/atmega256rfr2/src/halTimer.o
LOAD stack/hal/drivers/atmega256rfr2/src/halSleep.o
LOAD stack/hal/drivers/atmega256rfr2/src/halUart.o
LOAD stack/nwk/src/nwk.o
LOAD stack/nwk/src/nwkDataReq.o
LOAD stack/nwk/src/nwkFrame.o
LOAD stack/nwk/src/nwkGroup.o
LOAD stack/nwk/src/nwkRoute.o
LOAD stack/nwk/src/nwkRouteDiscovery.o
LOAD stack/nwk/src/nwkRx.o
LOAD stack/nwk/src/nwkSecurity.o
LOAD stack/nwk/src/nwkTx.o
LOAD stack/phy/atmega256rfr2/src/phy.o
LOAD stack/sys/src/sys.o
LOAD stack/sys/src/sysEncrypt.o
LOAD stack/sys/src/sysTimer.o
START GROUP
LOAD c:/apps/atmel/studio/7.0/toolchain/avr8/avr8-gnu-toolchain/bin/../lib/gcc/avr/5.4.0/../../../../avr/lib/avr6\libm.a
END GROUP
START GROUP
LOAD c:/apps/atmel/studio/7.0/toolchain/avr8/avr8-gnu-toolchain/bin/../lib/gcc/avr/5.4.0/avr6\libgcc.a
LOAD c:/apps/atmel/studio/7.0/toolchain/avr8/avr8-gnu-toolchain/bin/../lib/gcc/avr/5.4.0/../../../../avr/lib/avr6\libm.a
LOAD c:/apps/atmel/studio/7.0/toolchain/avr8/avr8-gnu-toolchain/bin/../lib/gcc/avr/5.4.0/../../../../avr/lib/avr6\libc.a
LOAD c:/apps/atmel/studio/7.0/toolchain/avr8/avr8-gnu-toolchain/bin/../lib/gcc/avr/5.4.0/../../../../avr/lib/avr6\libatmega256rfr2.a
END GROUP
                [0x00000000]                __TEXT_REGION_ORIGIN__ = DEFINED (__TEXT_REGION_ORIGIN__)?__TEXT_REGION_ORIGIN__:0x0
                [0x00800200]                __DATA_REGION_ORIGIN__ = DEFINED (__DATA_REGION_ORIGIN__)?__DATA_REGION_ORIGIN__:0x800200
                [0x00040000]                __TEXT_REGION_LENGTH__ = DEFINED (__TEXT_REGION_LENGTH__)?__TEXT_REGION_LENGTH__:0x100000
                [0x00008000]                __DATA_REGION_LENGTH__ = DEFINED (__DATA_REGION_LENGTH__)?__DATA_REGION_LENGTH__:0xfe00
                [0x00002000]                __EEPROM_REGION_LENGTH__ = DEFINED (__EEPROM_REGION_LENGTH__)?__EEPROM_REGION_LENGTH__:0x10000
                [0x00000003]                __FUSE_REGION_LENGTH__ = DEFINED (__FUSE_REGION_LENGTH__)?__FUSE_REGION_LENGTH__:0x400
                0x00000400                __LOCK_REGION_LENGTH__ = DEFINED (__LOCK_REGION_LENGTH__)?__LOCK_REGION_LENGTH__:0x400
                0x00000400                __SIGNATURE_REGION_LENGTH__ = DEFINED (__SIGNATURE_REGION_LENGTH__)?__SIGNATURE_REGION_LENGTH__:0x400
                0x00000400                __USER_SIGNATURE_REGION_LENGTH__ = DEFINED (__USER_SIGNATURE_REGION_LENGTH__)?__USER_SIGNATURE_REGION_LENGTH__:0x400

.hash
 *(.hash)

.dynsym
 *(.dynsym)

.dynstr
 *(.dynstr)

.gnu.version
 *(.gnu.version)

.gnu.version_d
 *(.gnu.version_d)

.gnu.version_r
 *(.gnu.version_r)

.rel.init
 *(.rel.init)

.rela.init
 *(.rela.init)

.rel.text
 *(.rel.text)
 *(.rel.text.*)
 *(.rel.gnu.linkonce.t*)

.rela.text
 *(.rela.text)
 *(.rela.text.*)
 *(.rela.gnu.linkonce.t*)

.rel.fini
 *(.rel.fini)

.rela.fini
 *(.rela.fini)

.rel.rodata
 *(.rel.rodata)
 *(.rel.rodata.*)
 *(.rel.gnu.linkonce.r*)

.rela.rodata
 *(.rela.rodata)
 *(.rela.rodata.*)
 *(.rela.gnu.linkonce.r*)

.rel.data
 *(.rel.data)
 *(.rel.data.*)
 *(.rel.gnu.linkonce.d*)

.rela.data
 *(.rela.data)
 *(.rela.data.*)
 *(.rela.gnu.linkonce.d*)

.rel.ctors
 *(.rel.ctors)

.rela.ctors
 *(.rela.ctors)

.rel.dtors
 *(.rel.dtors)

.rela.dtors
 *(.rela.dtors)

.rel.got
 *(.rel.got)

.rela.got
 *(.rela.got)

.rel.bss
 *(.rel.bss)

.rela.bss
 *(.rela.bss)

.rel.plt
 *(.rel.plt)

.rela.plt
 *(.rela.plt)

.text           0x00000000     0x41b6
 *(.vectors)
 .vectors       0x00000000      0x134 c:/apps/atmel/studio/7.0/toolchain/avr8/avr8-gnu-toolchain/bin/../lib/gcc/avr/5.4.0/../../../../avr/lib/avr6/crtatmega256rfr2.o
                0x00000000                __vector_default
                0x00000000                __vectors
 *(.vectors)
 *(.progmem.gcc*)
                0x00000134                . = ALIGN (0x2)
                0x00000134                __trampolines_start = .
 *(.trampolines)
 .trampolines   0x00000134        0x0 linker stubs
 *(.trampolines*)
                0x00000134                __trampolines_end = .
 *libprintf_flt.a:*(.progmem.data)
 *libc.a:*(.progmem.data)
 *(.progmem*)
                0x00000134                . = ALIGN (0x2)
 *(.jumptables)
 *(.jumptables*)
 *(.lowtext)
 *(.lowtext*)
                0x00000134                __ctors_start = .
 *(.ctors)
                0x00000134                __ctors_end = .
                0x00000134                __dtors_start = .
 *(.dtors)
                0x00000134                __dtors_end = .
 SORT(*)(.ctors)
 SORT(*)(.dtors)
 *(.init0)
 .init0         0x00000134        0x0 c:/apps/atmel/studio/7.0/toolchain/avr8/avr8-gnu-toolchain/bin/../lib/gcc/avr/5.4.0/../../../../avr/lib/avr6/crtatmega256rfr2.o
                0x00000134                __init
 *(.init0)
 *(.init1)
 *(.init1)
 *(.init2)
 .init2         0x00000134       0x10 c:/apps/atmel/studio/7.0/toolchain/avr8/avr8-gnu-toolchain/bin/../lib/gcc/avr/5.4.0/../../../../avr/lib/avr6/crtatmega256rfr2.o
 *(.init2)
 *(.init3)
 *(.init3)
 *(.init4)
 .init4         0x00000144       0x1a c:/apps/atmel/studio/7.0/toolchain/avr8/avr8-gnu-toolchain/bin/../lib/gcc/avr/5.4.0/avr6\libgcc.a(_copy_data.o)
                0x00000144                __do_copy_data
 .init4         0x0000015e       0x10 c:/apps/atmel/studio/7.0/toolchain/avr8/avr8-gnu-toolchain/bin/../lib/gcc/avr/5.4.0/avr6\libgcc.a(_clear_bss.o)
                0x0000015e                __do_clear_bss
 *(.init4)
 *(.init5)
 *(.init5)
 *(.init6)
 *(.init6)
 *(.init7)
 *(.init7)
 *(.init8)
 *(.init8)
 *(.init9)
 .init9         0x0000016e        0x8 c:/apps/atmel/studio/7.0/toolchain/avr8/avr8-gnu-toolchain/bin/../lib/gcc/avr/5.4.0/../../../../avr/lib/avr6/crtatmega256rfr2.o
 *(.init9)
 *(.text)
 .text          0x00000176        0x2 c:/apps/atmel/studio/7.0/toolchain/avr8/avr8-gnu-toolchain/bin/../lib/gcc/avr/5.4.0/../../../../avr/lib/avr6/crtatmega256rfr2.o
                0x00000176                __vector_38
                0x00000176                __vector_22
                0x00000176                __vector_63
                0x00000176                __vector_28
                0x00000176                __vector_67
                0x00000176                __vector_1
                0x00000176                __vector_32
                0x00000176                __vector_75
                0x00000176                __vector_71
                0x00000176                __vector_34
                0x00000176                __vector_62
                0x00000176                __vector_24
                0x00000176                __vector_12
                0x00000176                __vector_55
                0x00000176                __vector_69
                0x00000176                __vector_46
                0x00000176                __bad_interrupt
                0x00000176                __vector_72
                0x00000176                __vector_6
                0x00000176                __vector_31
                0x00000176                __vector_35
                0x00000176                __vector_74
                0x00000176                __vector_39
                0x00000176                __vector_3
                0x00000176                __vector_23
                0x00000176                __vector_68
                0x00000176                __vector_30
                0x00000176                __vector_73
                0x00000176                __vector_45
                0x00000176                __vector_25
                0x00000176                __vector_61
                0x00000176                __vector_11
                0x00000176                __vector_54
                0x00000176                __vector_17
                0x00000176                __vector_19
                0x00000176                __vector_56
                0x00000176                __vector_7
                0x00000176                __vector_49
                0x00000176                __vector_41
                0x00000176                __vector_64
                0x00000176                __vector_43
                0x00000176                __vector_27
                0x00000176                __vector_5
                0x00000176                __vector_33
                0x00000176                __vector_76
                0x00000176                __vector_47
                0x00000176                __vector_52
                0x00000176                __vector_4
                0x00000176                __vector_44
                0x00000176                __vector_51
                0x00000176                __vector_9
                0x00000176                __vector_2
                0x00000176                __vector_21
                0x00000176                __vector_15
                0x00000176                __vector_66
                0x00000176                __vector_58
                0x00000176                __vector_70
                0x00000176                __vector_29
                0x00000176                __vector_60
                0x00000176                __vector_40
                0x00000176                __vector_8
                0x00000176                __vector_26
                0x00000176                __vector_48
                0x00000176                __vector_14
                0x00000176                __vector_57
                0x00000176                __vector_53
                0x00000176                __vector_10
                0x00000176                __vector_50
                0x00000176                __vector_16
                0x00000176                __vector_59
                0x00000176                __vector_18
                0x00000176                __vector_20
                0x00000176                __vector_65
                0x00000178                . = ALIGN (0x2)
 *(.text.*)
 .text.increment_nonce
                0x00000178       0x26 main.o
 .text.load_littleendian
                0x0000019e       0x24 main.o
 .text.store_littleendian
                0x000001c2        0xc main.o
 .text.print_char_array
                0x000001ce       0xa6 main.o
 .text.display_mode_status
                0x00000274       0x36 main.o
 .text.appDataConf
                0x000002aa       0x14 main.o
 .text.prompt_mode_selection
                0x000002be       0x18 main.o
 .text.print_debug_hex
                0x000002d6      0x12e main.o
 .text.salsa20_keysetup
                0x00000404      0x1dc main.o
                0x00000404                salsa20_keysetup
 .text.salsa20_ivsetup
                0x000005e0       0x40 main.o
                0x000005e0                salsa20_ivsetup
 .text.salsa20_encrypt_bytes
                0x00000620     0x15be main.o
                0x00000620                salsa20_encrypt_bytes
 .text.appSendData
                0x00001bde      0x114 main.o
 .text.HAL_UartBytesReceived
                0x00001cf2      0x16a main.o
                0x00001cf2                HAL_UartBytesReceived
 .text.appDataInd
                0x00001e5c      0x1f6 main.o
 .text.main     0x00002052      0x22c main.o
                0x00002052                main
 .text.HAL_Init
                0x0000227e       0x28 stack/hal/atmega256rfr2/src/hal.o
                0x0000227e                HAL_Init
 .text.HAL_TimerInit
                0x000022a6       0x2a stack/hal/atmega256rfr2/src/halTimer.o
                0x000022a6                HAL_TimerInit
 .text.__vector_42
                0x000022d0       0x22 stack/hal/atmega256rfr2/src/halTimer.o
                0x000022d0                __vector_42
 .text.__vector_13
                0x000022f2       0x1e stack/hal/drivers/atmega256rfr2/src/halSleep.o
                0x000022f2                __vector_13
 .text.HAL_UartInit
                0x00002310       0xaa stack/hal/drivers/atmega256rfr2/src/halUart.o
                0x00002310                HAL_UartInit
 .text.HAL_UartWriteByte
                0x000023ba       0x4e stack/hal/drivers/atmega256rfr2/src/halUart.o
                0x000023ba                HAL_UartWriteByte
 .text.HAL_UartReadByte
                0x00002408       0x4c stack/hal/drivers/atmega256rfr2/src/halUart.o
                0x00002408                HAL_UartReadByte
 .text.__vector_37
                0x00002454       0x38 stack/hal/drivers/atmega256rfr2/src/halUart.o
                0x00002454                __vector_37
 .text.__vector_36
                0x0000248c       0xae stack/hal/drivers/atmega256rfr2/src/halUart.o
                0x0000248c                __vector_36
 .text.HAL_UartTaskHandler
                0x0000253a       0x86 stack/hal/drivers/atmega256rfr2/src/halUart.o
                0x0000253a                HAL_UartTaskHandler
 .text.NWK_Init
                0x000025c0       0x2e stack/nwk/src/nwk.o
                0x000025c0                NWK_Init
 .text.NWK_SetAddr
                0x000025ee        0xe stack/nwk/src/nwk.o
                0x000025ee                NWK_SetAddr
 .text.NWK_SetPanId
                0x000025fc        0xe stack/nwk/src/nwk.o
                0x000025fc                NWK_SetPanId
 .text.NWK_OpenEndpoint
                0x0000260a       0x12 stack/nwk/src/nwk.o
                0x0000260a                NWK_OpenEndpoint
 .text.NWK_TaskHandler
                0x0000261c        0x8 stack/nwk/src/nwk.o
                0x0000261c                NWK_TaskHandler
 .text.nwkDataReqTxConf
                0x00002624       0x46 stack/nwk/src/nwkDataReq.o
 .text.nwkDataReqInit
                0x0000266a        0xa stack/nwk/src/nwkDataReq.o
                0x0000266a                nwkDataReqInit
 .text.NWK_DataReq
                0x00002674       0x48 stack/nwk/src/nwkDataReq.o
                0x00002674                NWK_DataReq
 .text.nwkDataReqTaskHandler
                0x000026bc      0x146 stack/nwk/src/nwkDataReq.o
                0x000026bc                nwkDataReqTaskHandler
 .text.nwkFrameInit
                0x00002802       0x16 stack/nwk/src/nwkFrame.o
                0x00002802                nwkFrameInit
 .text.nwkFrameAlloc
                0x00002818       0x72 stack/nwk/src/nwkFrame.o
                0x00002818                nwkFrameAlloc
 .text.nwkFrameFree
                0x0000288a       0x14 stack/nwk/src/nwkFrame.o
                0x0000288a                nwkFrameFree
 .text.nwkFrameNext
                0x0000289e       0x4a stack/nwk/src/nwkFrame.o
                0x0000289e                nwkFrameNext
 .text.nwkFrameCommandInit
                0x000028e8       0x28 stack/nwk/src/nwkFrame.o
                0x000028e8                nwkFrameCommandInit
 .text.nwkRouteInit
                0x00002910       0x40 stack/nwk/src/nwkRoute.o
                0x00002910                nwkRouteInit
 .text.NWK_RouteFindEntry
                0x00002950       0x64 stack/nwk/src/nwkRoute.o
                0x00002950                NWK_RouteFindEntry
 .text.NWK_RouteNewEntry
                0x000029b4       0x44 stack/nwk/src/nwkRoute.o
                0x000029b4                NWK_RouteNewEntry
 .text.NWK_RouteFreeEntry
                0x000029f8       0x14 stack/nwk/src/nwkRoute.o
                0x000029f8                NWK_RouteFreeEntry
 .text.NWK_RouteNextHop
                0x00002a0c       0x14 stack/nwk/src/nwkRoute.o
                0x00002a0c                NWK_RouteNextHop
 .text.nwkRouteRemove
                0x00002a20        0xa stack/nwk/src/nwkRoute.o
                0x00002a20                nwkRouteRemove
 .text.nwkRouteFrameReceived
                0x00002a2a       0x9e stack/nwk/src/nwkRoute.o
                0x00002a2a                nwkRouteFrameReceived
 .text.nwkRouteFrameSent
                0x00002ac8       0x8e stack/nwk/src/nwkRoute.o
                0x00002ac8                nwkRouteFrameSent
 .text.nwkRoutePrepareTx
                0x00002b56       0x3e stack/nwk/src/nwkRoute.o
                0x00002b56                nwkRoutePrepareTx
 .text.nwkRouteFrame
                0x00002b94       0x98 stack/nwk/src/nwkRoute.o
                0x00002b94                nwkRouteFrame
 .text.nwkRouteErrorReceived
                0x00002c2c       0x1e stack/nwk/src/nwkRoute.o
                0x00002c2c                nwkRouteErrorReceived
 .text.nwkRxServiceDataInd
                0x00002c4a       0x30 stack/nwk/src/nwkRx.o
 .text.nwkRxDuplicateRejectionTimerHandler
                0x00002c7a       0x2c stack/nwk/src/nwkRx.o
 .text.nwkRxInit
                0x00002ca6       0x3a stack/nwk/src/nwkRx.o
                0x00002ca6                nwkRxInit
 .text.PHY_DataInd
                0x00002ce0       0x54 stack/nwk/src/nwkRx.o
                0x00002ce0                PHY_DataInd
 .text.nwkRxTaskHandler
                0x00002d34      0x478 stack/nwk/src/nwkRx.o
                0x00002d34                nwkRxTaskHandler
 .text.nwkTxDelayTimerHandler
                0x000031ac       0x58 stack/nwk/src/nwkTx.o
 .text.nwkTxAckWaitTimerHandler
                0x00003204       0x64 stack/nwk/src/nwkTx.o
 .text.nwkTxInit
                0x00003268       0x46 stack/nwk/src/nwkTx.o
                0x00003268                nwkTxInit
 .text.nwkTxFrame
                0x000032ae       0x9c stack/nwk/src/nwkTx.o
                0x000032ae                nwkTxFrame
 .text.nwkTxBroadcastFrame
                0x0000334a       0x86 stack/nwk/src/nwkTx.o
                0x0000334a                nwkTxBroadcastFrame
 .text.nwkTxAckReceived
                0x000033d0       0x4a stack/nwk/src/nwkTx.o
                0x000033d0                nwkTxAckReceived
 .text.PHY_DataConf
                0x0000341a       0x46 stack/nwk/src/nwkTx.o
                0x0000341a                PHY_DataConf
 .text.nwkTxTaskHandler
                0x00003460      0x136 stack/nwk/src/nwkTx.o
                0x00003460                nwkTxTaskHandler
 .text.phySetChannel
                0x00003596       0x3c stack/phy/atmega256rfr2/src/phy.o
 .text.phyTrxSetState
                0x000035d2       0x24 stack/phy/atmega256rfr2/src/phy.o
 .text.phySetRxState
                0x000035f6       0x18 stack/phy/atmega256rfr2/src/phy.o
 .text.PHY_Init
                0x0000360e       0x2e stack/phy/atmega256rfr2/src/phy.o
                0x0000360e                PHY_Init
 .text.PHY_SetRxState
                0x0000363c        0x8 stack/phy/atmega256rfr2/src/phy.o
                0x0000363c                PHY_SetRxState
 .text.PHY_SetChannel
                0x00003644        0x8 stack/phy/atmega256rfr2/src/phy.o
                0x00003644                PHY_SetChannel
 .text.PHY_SetPanId
                0x0000364c       0x24 stack/phy/atmega256rfr2/src/phy.o
                0x0000364c                PHY_SetPanId
 .text.PHY_SetShortAddr
                0x00003670       0x2e stack/phy/atmega256rfr2/src/phy.o
                0x00003670                PHY_SetShortAddr
 .text.PHY_DataReq
                0x0000369e       0x52 stack/phy/atmega256rfr2/src/phy.o
                0x0000369e                PHY_DataReq
 .text.PHY_TaskHandler
                0x000036f0       0xf6 stack/phy/atmega256rfr2/src/phy.o
                0x000036f0                PHY_TaskHandler
 .text.SYS_Init
                0x000037e6        0xe stack/sys/src/sys.o
                0x000037e6                SYS_Init
 .text.SYS_TaskHandler
                0x000037f4        0xa stack/sys/src/sys.o
                0x000037f4                SYS_TaskHandler
 .text.placeTimer
                0x000037fe       0xc8 stack/sys/src/sysTimer.o
 .text.SYS_TimerInit
                0x000038c6        0xa stack/sys/src/sysTimer.o
                0x000038c6                SYS_TimerInit
 .text.SYS_TimerStarted
                0x000038d0       0x34 stack/sys/src/sysTimer.o
                0x000038d0                SYS_TimerStarted
 .text.SYS_TimerStart
                0x00003904       0x16 stack/sys/src/sysTimer.o
                0x00003904                SYS_TimerStart
 .text.SYS_TimerTaskHandler
                0x0000391a       0xd6 stack/sys/src/sysTimer.o
                0x0000391a                SYS_TimerTaskHandler
 .text.libgcc.div
                0x000039f0       0x26 c:/apps/atmel/studio/7.0/toolchain/avr8/avr8-gnu-toolchain/bin/../lib/gcc/avr/5.4.0/avr6\libgcc.a(_divmodhi4.o)
                0x000039f0                _div
                0x000039f0                __divmodhi4
 .text.libgcc.div
                0x00003a16       0x44 c:/apps/atmel/studio/7.0/toolchain/avr8/avr8-gnu-toolchain/bin/../lib/gcc/avr/5.4.0/avr6\libgcc.a(_udivmodsi4.o)
                0x00003a16                __udivmodsi4
 .text.libgcc.div
                0x00003a5a       0x28 c:/apps/atmel/studio/7.0/toolchain/avr8/avr8-gnu-toolchain/bin/../lib/gcc/avr/5.4.0/avr6\libgcc.a(_udivmodhi4.o)
                0x00003a5a                __udivmodhi4
 .text.avr-libc
                0x00003a82       0xaa c:/apps/atmel/studio/7.0/toolchain/avr8/avr8-gnu-toolchain/bin/../lib/gcc/avr/5.4.0/../../../../avr/lib/avr6\libc.a(rand.o)
                0x00003b0e                rand_r
                0x00003b10                rand
                0x00003b16                srand
 .text.avr-libc
                0x00003b2c       0x12 c:/apps/atmel/studio/7.0/toolchain/avr8/avr8-gnu-toolchain/bin/../lib/gcc/avr/5.4.0/../../../../avr/lib/avr6\libc.a(memcpy.o)
                0x00003b2c                memcpy
 .text.avr-libc
                0x00003b3e       0x78 c:/apps/atmel/studio/7.0/toolchain/avr8/avr8-gnu-toolchain/bin/../lib/gcc/avr/5.4.0/../../../../avr/lib/avr6\libc.a(snprintf.o)
                0x00003b3e                snprintf
 .text.avr-libc
                0x00003bb6      0x3fa c:/apps/atmel/studio/7.0/toolchain/avr8/avr8-gnu-toolchain/bin/../lib/gcc/avr/5.4.0/../../../../avr/lib/avr6\libc.a(vfprintf_std.o)
                0x00003bb6                vfprintf
 .text.avr-libc
                0x00003fb0       0x16 c:/apps/atmel/studio/7.0/toolchain/avr8/avr8-gnu-toolchain/bin/../lib/gcc/avr/5.4.0/../../../../avr/lib/avr6\libc.a(strnlen_P.o)
                0x00003fb0                strnlen_P
 .text.avr-libc
                0x00003fc6       0x16 c:/apps/atmel/studio/7.0/toolchain/avr8/avr8-gnu-toolchain/bin/../lib/gcc/avr/5.4.0/../../../../avr/lib/avr6\libc.a(strnlen.o)
                0x00003fc6                strnlen
 .text.avr-libc
                0x00003fdc       0x78 c:/apps/atmel/studio/7.0/toolchain/avr8/avr8-gnu-toolchain/bin/../lib/gcc/avr/5.4.0/../../../../avr/lib/avr6\libc.a(fputc.o)
                0x00003fdc                fputc
 .text.avr-libc
                0x00004054       0xbc c:/apps/atmel/studio/7.0/toolchain/avr8/avr8-gnu-toolchain/bin/../lib/gcc/avr/5.4.0/../../../../avr/lib/avr6\libc.a(ultoa_invert.o)
                0x00004054                __ultoa_invert
 .text.avr-libc
                0x00004110       0x10 c:/apps/atmel/studio/7.0/toolchain/avr8/avr8-gnu-toolchain/bin/../lib/gcc/avr/5.4.0/../../../../avr/lib/avr6\libatmega256rfr2.a(eerd_byte.o)
                0x00004110                eeprom_read_byte
 .text.avr-libc
                0x00004120       0x1c c:/apps/atmel/studio/7.0/toolchain/avr8/avr8-gnu-toolchain/bin/../lib/gcc/avr/5.4.0/../../../../avr/lib/avr6\libatmega256rfr2.a(eewr_byte.o)
                0x00004120                eeprom_write_byte
                0x00004122                eeprom_write_r18
 .text.libgcc.div
                0x0000413c       0x28 c:/apps/atmel/studio/7.0/toolchain/avr8/avr8-gnu-toolchain/bin/../lib/gcc/avr/5.4.0/avr6\libgcc.a(_divmodsi4.o)
                0x0000413c                __divmodsi4
 .text.libgcc.div
                0x00004164       0x10 c:/apps/atmel/studio/7.0/toolchain/avr8/avr8-gnu-toolchain/bin/../lib/gcc/avr/5.4.0/avr6\libgcc.a(_negsi2.o)
                0x00004164                __negsi2
 .text.libgcc.mul
                0x00004174       0x14 c:/apps/atmel/studio/7.0/toolchain/avr8/avr8-gnu-toolchain/bin/../lib/gcc/avr/5.4.0/avr6\libgcc.a(_muluhisi3.o)
                0x00004174                __muluhisi3
 .text.libgcc.mul
                0x00004188        0xc c:/apps/atmel/studio/7.0/toolchain/avr8/avr8-gnu-toolchain/bin/../lib/gcc/avr/5.4.0/avr6\libgcc.a(_mulshisi3.o)
                0x00004188                __mulshisi3
                0x0000418c                __mulohisi3
 .text.libgcc.mul
                0x00004194       0x1e c:/apps/atmel/studio/7.0/toolchain/avr8/avr8-gnu-toolchain/bin/../lib/gcc/avr/5.4.0/avr6\libgcc.a(_umulhisi3.o)
                0x00004194                __umulhisi3
                0x000041b2                . = ALIGN (0x2)
 *(.fini9)
 .fini9         0x000041b2        0x0 c:/apps/atmel/studio/7.0/toolchain/avr8/avr8-gnu-toolchain/bin/../lib/gcc/avr/5.4.0/avr6\libgcc.a(_exit.o)
                0x000041b2                _exit
                0x000041b2                exit
 *(.fini9)
 *(.fini8)
 *(.fini8)
 *(.fini7)
 *(.fini7)
 *(.fini6)
 *(.fini6)
 *(.fini5)
 *(.fini5)
 *(.fini4)
 *(.fini4)
 *(.fini3)
 *(.fini3)
 *(.fini2)
 *(.fini2)
 *(.fini1)
 *(.fini1)
 *(.fini0)
 .fini0         0x000041b2        0x4 c:/apps/atmel/studio/7.0/toolchain/avr8/avr8-gnu-toolchain/bin/../lib/gcc/avr/5.4.0/avr6\libgcc.a(_exit.o)
 *(.fini0)
                0x000041b6                _etext = .

.data           0x00800200      0x5ae load address 0x000041b6
                0x00800200                PROVIDE (__data_start, .)
 *(.data)
 .data          0x00800200        0x4 c:/apps/atmel/studio/7.0/toolchain/avr8/avr8-gnu-toolchain/bin/../lib/gcc/avr/5.4.0/../../../../avr/lib/avr6\libc.a(rand.o)
 *(.data*)
 *(.gnu.linkonce.d*)
 *(.rodata)
 *(.rodata*)
 .rodata.str1.1
                0x00800204      0x58a main.o
                                0x5aa (size before relaxing)
 .rodata.FIXED_ENCRYPTION_KEY
                0x0080078e       0x20 main.o
 *(.gnu.linkonce.r*)
                0x008007ae                . = ALIGN (0x2)
                0x008007ae                _edata = .
                0x008007ae                PROVIDE (__data_end, .)

.bss            0x008007ae     0x1821
                0x008007ae                PROVIDE (__bss_start, .)
 *(.bss)
 *(.bss*)
 .bss.pskState  0x008007ae        0x1 main.o
 .bss.current_nonce
                0x008007af        0x8 main.o
 .bss.app_encryption_key
                0x008007b7       0x20 main.o
 .bss.appOperatingMode
                0x008007d7        0x1 main.o
 .bss.appUartBufferPtr
                0x008007d8        0x1 main.o
 .bss.appUartBuffer
                0x008007d9       0x65 main.o
 .bss.appDataReqBuffer
                0x0080083e       0x6d main.o
 .bss.appDataReqBusy
                0x008008ab        0x1 main.o
 .bss.appDataReq
                0x008008ac       0x11 main.o
 .bss.appState  0x008008bd        0x1 main.o
 .bss.APP_ADDR  0x008008be        0x1 main.o
                0x008008be                APP_ADDR
 .bss.halSleepTimerEvent
                0x008008bf        0x1 stack/hal/drivers/atmega256rfr2/src/halSleep.o
 .bss.newData   0x008008c0        0x1 stack/hal/drivers/atmega256rfr2/src/halUart.o
 .bss.udrEmpty  0x008008c1        0x1 stack/hal/drivers/atmega256rfr2/src/halUart.o
 .bss.rxData    0x008008c2      0x191 stack/hal/drivers/atmega256rfr2/src/halUart.o
 .bss.rxFifo    0x00800a53        0xa stack/hal/drivers/atmega256rfr2/src/halUart.o
 .bss.txData    0x00800a5d      0x191 stack/hal/drivers/atmega256rfr2/src/halUart.o
 .bss.txFifo    0x00800bee        0xa stack/hal/drivers/atmega256rfr2/src/halUart.o
 .bss.nwkDataReqQueue
                0x00800bf8        0x2 stack/nwk/src/nwkDataReq.o
 .bss.nwkFrameFrames
                0x00800bfa     0x100e stack/nwk/src/nwkFrame.o
 .bss.nwkRouteTable
                0x00801c08      0x2bc stack/nwk/src/nwkRoute.o
 .bss.nwkRxDuplicateRejectionTimer
                0x00801ec4        0xd stack/nwk/src/nwkRx.o
 .bss.nwkRxAckControl
                0x00801ed1        0x1 stack/nwk/src/nwkRx.o
 .bss.nwkRxDuplicateRejectionTable
                0x00801ed2       0x32 stack/nwk/src/nwkRx.o
 .bss.nwkTxDelayTimer
                0x00801f04        0xd stack/nwk/src/nwkTx.o
 .bss.nwkTxAckWaitTimer
                0x00801f11        0xd stack/nwk/src/nwkTx.o
 .bss.nwkTxPhyActiveFrame
                0x00801f1e        0x2 stack/nwk/src/nwkTx.o
 .bss.phyBand   0x00801f20        0x1 stack/phy/atmega256rfr2/src/phy.o
 .bss.phyChannel
                0x00801f21        0x1 stack/phy/atmega256rfr2/src/phy.o
 .bss.phyRxState
                0x00801f22        0x1 stack/phy/atmega256rfr2/src/phy.o
 .bss.phyRxBuffer
                0x00801f23       0x80 stack/phy/atmega256rfr2/src/phy.o
 .bss.phyState  0x00801fa3        0x1 stack/phy/atmega256rfr2/src/phy.o
 .bss.timers    0x00801fa4        0x2 stack/sys/src/sysTimer.o
 *(COMMON)
 COMMON         0x00801fa6        0x1 stack/hal/atmega256rfr2/src/halTimer.o
                0x00801fa6                halTimerIrqCount
 COMMON         0x00801fa7       0x28 stack/nwk/src/nwk.o
                0x00801fa7                nwkIb
                0x00801fcf                PROVIDE (__bss_end, .)
                0x000041b6                __data_load_start = LOADADDR (.data)
                0x00004764                __data_load_end = (__data_load_start + SIZEOF (.data))

.noinit         0x00801fcf        0x0
                [!provide]                PROVIDE (__noinit_start, .)
 *(.noinit*)
                [!provide]                PROVIDE (__noinit_end, .)
                0x00801fcf                _end = .
                [!provide]                PROVIDE (__heap_start, .)

.eeprom         0x00810000        0x0
 *(.eeprom*)
                0x00810000                __eeprom_end = .

.fuse
 *(.fuse)
 *(.lfuse)
 *(.hfuse)
 *(.efuse)

.lock
 *(.lock*)

.signature
 *(.signature*)

.user_signatures
 *(.user_signatures*)

.stab
 *(.stab)

.stabstr
 *(.stabstr)

.stab.excl
 *(.stab.excl)

.stab.exclstr
 *(.stab.exclstr)

.stab.index
 *(.stab.index)

.stab.indexstr
 *(.stab.indexstr)

.comment        0x00000000       0x5c
 *(.comment)
 .comment       0x00000000       0x30 main.o
                                 0x31 (size before relaxing)
 .comment       0x00000030       0x31 stack/hal/atmega256rfr2/src/hal.o
 .comment       0x00000030       0x31 stack/hal/atmega256rfr2/src/halTimer.o
 .comment       0x00000030       0x31 stack/hal/drivers/atmega256rfr2/src/halSleep.o
 .comment       0x00000030       0x31 stack/hal/drivers/atmega256rfr2/src/halUart.o
 .comment       0x00000030       0x31 stack/nwk/src/nwk.o
 .comment       0x00000030       0x31 stack/nwk/src/nwkDataReq.o
 .comment       0x00000030       0x31 stack/nwk/src/nwkFrame.o
 .comment       0x00000030       0x31 stack/nwk/src/nwkRoute.o
 .comment       0x00000030       0x31 stack/nwk/src/nwkRx.o
 .comment       0x00000030       0x31 stack/nwk/src/nwkTx.o
 .comment       0x00000030       0x31 stack/phy/atmega256rfr2/src/phy.o
 .comment       0x00000030       0x31 stack/sys/src/sys.o
 .comment       0x00000030       0x31 stack/sys/src/sysTimer.o
 .comment       0x00000030       0x31 c:/apps/atmel/studio/7.0/toolchain/avr8/avr8-gnu-toolchain/bin/../lib/gcc/avr/5.4.0/../../../../avr/lib/avr6\libc.a(rand.o)
 .comment       0x00000030       0x31 c:/apps/atmel/studio/7.0/toolchain/avr8/avr8-gnu-toolchain/bin/../lib/gcc/avr/5.4.0/../../../../avr/lib/avr6\libc.a(snprintf.o)
 .comment       0x00000030       0x2c c:/apps/atmel/studio/7.0/toolchain/avr8/avr8-gnu-toolchain/bin/../lib/gcc/avr/5.4.0/../../../../avr/lib/avr6\libc.a(vfprintf_std.o)
                                 0x2d (size before relaxing)
 .comment       0x0000005c       0x31 c:/apps/atmel/studio/7.0/toolchain/avr8/avr8-gnu-toolchain/bin/../lib/gcc/avr/5.4.0/../../../../avr/lib/avr6\libc.a(fputc.o)

.note.gnu.avr.deviceinfo
                0x00000000       0x40
 .note.gnu.avr.deviceinfo
                0x00000000       0x40 c:/apps/atmel/studio/7.0/toolchain/avr8/avr8-gnu-toolchain/bin/../lib/gcc/avr/5.4.0/../../../../avr/lib/avr6/crtatmega256rfr2.o

.note.gnu.build-id
 *(.note.gnu.build-id)

.debug
 *(.debug)

.line
 *(.line)

.debug_srcinfo
 *(.debug_srcinfo)

.debug_sfnames
 *(.debug_sfnames)

.debug_aranges  0x00000000      0x468
 *(.debug_aranges)
 .debug_aranges
                0x00000000       0x98 main.o
 .debug_aranges
                0x00000098       0x28 stack/hal/atmega256rfr2/src/hal.o
 .debug_aranges
                0x000000c0       0x30 stack/hal/atmega256rfr2/src/halTimer.o
 .debug_aranges
                0x000000f0       0x28 stack/hal/drivers/atmega256rfr2/src/halSleep.o
 .debug_aranges
                0x00000118       0x48 stack/hal/drivers/atmega256rfr2/src/halUart.o
 .debug_aranges
                0x00000160       0x70 stack/nwk/src/nwk.o
 .debug_aranges
                0x000001d0       0x38 stack/nwk/src/nwkDataReq.o
 .debug_aranges
                0x00000208       0x40 stack/nwk/src/nwkFrame.o
 .debug_aranges
                0x00000248       0x80 stack/nwk/src/nwkRoute.o
 .debug_aranges
                0x000002c8       0x48 stack/nwk/src/nwkRx.o
 .debug_aranges
                0x00000310       0x60 stack/nwk/src/nwkTx.o
 .debug_aranges
                0x00000370       0x88 stack/phy/atmega256rfr2/src/phy.o
 .debug_aranges
                0x000003f8       0x28 stack/sys/src/sys.o
 .debug_aranges
                0x00000420       0x48 stack/sys/src/sysTimer.o

.debug_pubnames
 *(.debug_pubnames)

.debug_info     0x00000000     0x78fb
 *(.debug_info .gnu.linkonce.wi.*)
 .debug_info    0x00000000     0x13e6 c:/apps/atmel/studio/7.0/toolchain/avr8/avr8-gnu-toolchain/bin/../lib/gcc/avr/5.4.0/../../../../avr/lib/avr6/crtatmega256rfr2.o
 .debug_info    0x000013e6     0x1eb1 main.o
 .debug_info    0x00003297      0x128 stack/hal/atmega256rfr2/src/hal.o
 .debug_info    0x000033bf       0xe4 stack/hal/atmega256rfr2/src/halTimer.o
 .debug_info    0x000034a3      0x184 stack/hal/drivers/atmega256rfr2/src/halSleep.o
 .debug_info    0x00003627      0x31a stack/hal/drivers/atmega256rfr2/src/halUart.o
 .debug_info    0x00003941      0x4ce stack/nwk/src/nwk.o
 .debug_info    0x00003e0f      0x785 stack/nwk/src/nwkDataReq.o
 .debug_info    0x00004594      0x572 stack/nwk/src/nwkFrame.o
 .debug_info    0x00004b06      0xb52 stack/nwk/src/nwkRoute.o
 .debug_info    0x00005658      0xc34 stack/nwk/src/nwkRx.o
 .debug_info    0x0000628c      0xa26 stack/nwk/src/nwkTx.o
 .debug_info    0x00006cb2      0x7c4 stack/phy/atmega256rfr2/src/phy.o
 .debug_info    0x00007476      0x140 stack/sys/src/sys.o
 .debug_info    0x000075b6      0x345 stack/sys/src/sysTimer.o

.debug_abbrev   0x00000000     0x2e7d
 *(.debug_abbrev)
 .debug_abbrev  0x00000000     0x12d6 c:/apps/atmel/studio/7.0/toolchain/avr8/avr8-gnu-toolchain/bin/../lib/gcc/avr/5.4.0/../../../../avr/lib/avr6/crtatmega256rfr2.o
 .debug_abbrev  0x000012d6      0x44e main.o
 .debug_abbrev  0x00001724       0xc3 stack/hal/atmega256rfr2/src/hal.o
 .debug_abbrev  0x000017e7       0xaa stack/hal/atmega256rfr2/src/halTimer.o
 .debug_abbrev  0x00001891       0xd5 stack/hal/drivers/atmega256rfr2/src/halSleep.o
 .debug_abbrev  0x00001966      0x16a stack/hal/drivers/atmega256rfr2/src/halUart.o
 .debug_abbrev  0x00001ad0      0x1b5 stack/nwk/src/nwk.o
 .debug_abbrev  0x00001c85      0x27f stack/nwk/src/nwkDataReq.o
 .debug_abbrev  0x00001f04      0x183 stack/nwk/src/nwkFrame.o
 .debug_abbrev  0x00002087      0x332 stack/nwk/src/nwkRoute.o
 .debug_abbrev  0x000023b9      0x38a stack/nwk/src/nwkRx.o
 .debug_abbrev  0x00002743      0x30c stack/nwk/src/nwkTx.o
 .debug_abbrev  0x00002a4f      0x230 stack/phy/atmega256rfr2/src/phy.o
 .debug_abbrev  0x00002c7f       0x63 stack/sys/src/sys.o
 .debug_abbrev  0x00002ce2      0x19b stack/sys/src/sysTimer.o

.debug_line     0x00000000     0x2f8a
 *(.debug_line .debug_line.* .debug_line_end)
 .debug_line    0x00000000       0x1a c:/apps/atmel/studio/7.0/toolchain/avr8/avr8-gnu-toolchain/bin/../lib/gcc/avr/5.4.0/../../../../avr/lib/avr6/crtatmega256rfr2.o
 .debug_line    0x0000001a      0xc70 main.o
 .debug_line    0x00000c8a      0x167 stack/hal/atmega256rfr2/src/hal.o
 .debug_line    0x00000df1      0x11e stack/hal/atmega256rfr2/src/halTimer.o
 .debug_line    0x00000f0f      0x1cc stack/hal/drivers/atmega256rfr2/src/halSleep.o
 .debug_line    0x000010db      0x2b5 stack/hal/drivers/atmega256rfr2/src/halUart.o
 .debug_line    0x00001390      0x29c stack/nwk/src/nwk.o
 .debug_line    0x0000162c      0x23d stack/nwk/src/nwkDataReq.o
 .debug_line    0x00001869      0x1c2 stack/nwk/src/nwkFrame.o
 .debug_line    0x00001a2b      0x47d stack/nwk/src/nwkRoute.o
 .debug_line    0x00001ea8      0x4a5 stack/nwk/src/nwkRx.o
 .debug_line    0x0000234d      0x4bb stack/nwk/src/nwkTx.o
 .debug_line    0x00002808      0x3cf stack/phy/atmega256rfr2/src/phy.o
 .debug_line    0x00002bd7      0x108 stack/sys/src/sys.o
 .debug_line    0x00002cdf      0x2ab stack/sys/src/sysTimer.o

.debug_frame    0x00000000      0xc14
 *(.debug_frame)
 .debug_frame   0x00000000      0x2f0 main.o
 .debug_frame   0x000002f0       0x34 stack/hal/atmega256rfr2/src/hal.o
 .debug_frame   0x00000324       0x54 stack/hal/atmega256rfr2/src/halTimer.o
 .debug_frame   0x00000378       0x50 stack/hal/drivers/atmega256rfr2/src/halSleep.o
 .debug_frame   0x000003c8       0xe4 stack/hal/drivers/atmega256rfr2/src/halUart.o
 .debug_frame   0x000004ac       0xd4 stack/nwk/src/nwk.o
 .debug_frame   0x00000580       0x68 stack/nwk/src/nwkDataReq.o
 .debug_frame   0x000005e8       0x64 stack/nwk/src/nwkFrame.o
 .debug_frame   0x0000064c      0x174 stack/nwk/src/nwkRoute.o
 .debug_frame   0x000007c0       0xe0 stack/nwk/src/nwkRx.o
 .debug_frame   0x000008a0      0x144 stack/nwk/src/nwkTx.o
 .debug_frame   0x000009e4      0x13c stack/phy/atmega256rfr2/src/phy.o
 .debug_frame   0x00000b20       0x34 stack/sys/src/sys.o
 .debug_frame   0x00000b54       0xc0 stack/sys/src/sysTimer.o

.debug_str      0x00000000     0x21cb
 *(.debug_str)
 .debug_str     0x00000000      0x7f7 c:/apps/atmel/studio/7.0/toolchain/avr8/avr8-gnu-toolchain/bin/../lib/gcc/avr/5.4.0/../../../../avr/lib/avr6/crtatmega256rfr2.o
 .debug_str     0x000007f7      0x723 main.o
                                0x78f (size before relaxing)
 .debug_str     0x00000f1a       0xaa stack/hal/atmega256rfr2/src/hal.o
                                0x1d5 (size before relaxing)
 .debug_str     0x00000fc4       0x47 stack/hal/atmega256rfr2/src/halTimer.o
                                0x1cf (size before relaxing)
 .debug_str     0x0000100b       0x97 stack/hal/drivers/atmega256rfr2/src/halSleep.o
                                0x21a (size before relaxing)
 .debug_str     0x000010a2       0x96 stack/hal/drivers/atmega256rfr2/src/halUart.o
                                0x298 (size before relaxing)
 .debug_str     0x00001138      0x157 stack/nwk/src/nwk.o
                                0x35c (size before relaxing)
 .debug_str     0x0000128f      0x2a9 stack/nwk/src/nwkDataReq.o
                                0x58b (size before relaxing)
 .debug_str     0x00001538       0x61 stack/nwk/src/nwkFrame.o
                                0x42a (size before relaxing)
 .debug_str     0x00001599      0x1fa stack/nwk/src/nwkRoute.o
                                0x634 (size before relaxing)
 .debug_str     0x00001793      0x2ca stack/nwk/src/nwkRx.o
                                0x76d (size before relaxing)
 .debug_str     0x00001a5d      0x1c7 stack/nwk/src/nwkTx.o
                                0x6fd (size before relaxing)
 .debug_str     0x00001c24      0x518 stack/phy/atmega256rfr2/src/phy.o
                                0x79c (size before relaxing)
 .debug_str     0x0000213c       0x3a stack/sys/src/sys.o
                                0x1f7 (size before relaxing)
 .debug_str     0x00002176       0x55 stack/sys/src/sysTimer.o
                                0x28c (size before relaxing)

.debug_loc      0x00000000     0x3cbf
 *(.debug_loc)
 .debug_loc     0x00000000     0x19aa main.o
 .debug_loc     0x000019aa       0x21 stack/hal/atmega256rfr2/src/hal.o
 .debug_loc     0x000019cb       0x62 stack/hal/atmega256rfr2/src/halTimer.o
 .debug_loc     0x00001a2d      0x179 stack/hal/drivers/atmega256rfr2/src/halSleep.o
 .debug_loc     0x00001ba6      0x212 stack/hal/drivers/atmega256rfr2/src/halUart.o
 .debug_loc     0x00001db8      0x14d stack/nwk/src/nwk.o
 .debug_loc     0x00001f05      0x137 stack/nwk/src/nwkDataReq.o
 .debug_loc     0x0000203c       0xe2 stack/nwk/src/nwkFrame.o
 .debug_loc     0x0000211e      0x875 stack/nwk/src/nwkRoute.o
 .debug_loc     0x00002993      0x543 stack/nwk/src/nwkRx.o
 .debug_loc     0x00002ed6      0x691 stack/nwk/src/nwkTx.o
 .debug_loc     0x00003567      0x32a stack/phy/atmega256rfr2/src/phy.o
 .debug_loc     0x00003891      0x42e stack/sys/src/sysTimer.o

.debug_macinfo
 *(.debug_macinfo)

.debug_weaknames
 *(.debug_weaknames)

.debug_funcnames
 *(.debug_funcnames)

.debug_typenames
 *(.debug_typenames)

.debug_varnames
 *(.debug_varnames)

.debug_pubtypes
 *(.debug_pubtypes)

.debug_ranges   0x00000000      0x5b8
 *(.debug_ranges)
 .debug_ranges  0x00000000      0x1a0 main.o
 .debug_ranges  0x000001a0       0x18 stack/hal/atmega256rfr2/src/hal.o
 .debug_ranges  0x000001b8       0x20 stack/hal/atmega256rfr2/src/halTimer.o
 .debug_ranges  0x000001d8       0x30 stack/hal/drivers/atmega256rfr2/src/halSleep.o
 .debug_ranges  0x00000208       0x38 stack/hal/drivers/atmega256rfr2/src/halUart.o
 .debug_ranges  0x00000240       0x60 stack/nwk/src/nwk.o
 .debug_ranges  0x000002a0       0x28 stack/nwk/src/nwkDataReq.o
 .debug_ranges  0x000002c8       0x30 stack/nwk/src/nwkFrame.o
 .debug_ranges  0x000002f8       0x88 stack/nwk/src/nwkRoute.o
 .debug_ranges  0x00000380       0xd0 stack/nwk/src/nwkRx.o
 .debug_ranges  0x00000450       0x68 stack/nwk/src/nwkTx.o
 .debug_ranges  0x000004b8       0x78 stack/phy/atmega256rfr2/src/phy.o
 .debug_ranges  0x00000530       0x18 stack/sys/src/sys.o
 .debug_ranges  0x00000548       0x70 stack/sys/src/sysTimer.o

.debug_macro
 *(.debug_macro)
OUTPUT(LWM_MSSY.elf elf32-avr)
LOAD linker stubs
