Archive member included to satisfy reference by file (symbol)

c:/apps/atmel/studio/7.0/toolchain/avr8/avr8-gnu-toolchain/bin/../lib/gcc/avr/5.4.0/avr6\libgcc.a(_udivmodsi4.o)
                              stack/hal/drivers/atmega256rfr2/src/halSleep.o (__udivmodsi4)
c:/apps/atmel/studio/7.0/toolchain/avr8/avr8-gnu-toolchain/bin/../lib/gcc/avr/5.4.0/avr6\libgcc.a(_exit.o)
                              c:/apps/atmel/studio/7.0/toolchain/avr8/avr8-gnu-toolchain/bin/../lib/gcc/avr/5.4.0/../../../../avr/lib/avr6/crtatmega256rfr2.o (exit)
c:/apps/atmel/studio/7.0/toolchain/avr8/avr8-gnu-toolchain/bin/../lib/gcc/avr/5.4.0/avr6\libgcc.a(_copy_data.o)
                              main.o (__do_copy_data)
c:/apps/atmel/studio/7.0/toolchain/avr8/avr8-gnu-toolchain/bin/../lib/gcc/avr/5.4.0/avr6\libgcc.a(_clear_bss.o)
                              main.o (__do_clear_bss)
c:/apps/atmel/studio/7.0/toolchain/avr8/avr8-gnu-toolchain/bin/../lib/gcc/avr/5.4.0/../../../../avr/lib/avr6\libc.a(rand.o)
                              stack/nwk/src/nwkTx.o (rand)
c:/apps/atmel/studio/7.0/toolchain/avr8/avr8-gnu-toolchain/bin/../lib/gcc/avr/5.4.0/../../../../avr/lib/avr6\libc.a(memcpy.o)
                              stack/nwk/src/nwkDataReq.o (memcpy)
c:/apps/atmel/studio/7.0/toolchain/avr8/avr8-gnu-toolchain/bin/../lib/gcc/avr/5.4.0/../../../../avr/lib/avr6\libc.a(snprintf.o)
                              main.o (snprintf)
c:/apps/atmel/studio/7.0/toolchain/avr8/avr8-gnu-toolchain/bin/../lib/gcc/avr/5.4.0/../../../../avr/lib/avr6\libc.a(sprintf.o)
                              main.o (sprintf)
c:/apps/atmel/studio/7.0/toolchain/avr8/avr8-gnu-toolchain/bin/../lib/gcc/avr/5.4.0/../../../../avr/lib/avr6\libc.a(vfprintf_std.o)
                              c:/apps/atmel/studio/7.0/toolchain/avr8/avr8-gnu-toolchain/bin/../lib/gcc/avr/5.4.0/../../../../avr/lib/avr6\libc.a(snprintf.o) (vfprintf)
c:/apps/atmel/studio/7.0/toolchain/avr8/avr8-gnu-toolchain/bin/../lib/gcc/avr/5.4.0/../../../../avr/lib/avr6\libc.a(strnlen_P.o)
                              c:/apps/atmel/studio/7.0/toolchain/avr8/avr8-gnu-toolchain/bin/../lib/gcc/avr/5.4.0/../../../../avr/lib/avr6\libc.a(vfprintf_std.o) (strnlen_P)
c:/apps/atmel/studio/7.0/toolchain/avr8/avr8-gnu-toolchain/bin/../lib/gcc/avr/5.4.0/../../../../avr/lib/avr6\libc.a(strnlen.o)
                              c:/apps/atmel/studio/7.0/toolchain/avr8/avr8-gnu-toolchain/bin/../lib/gcc/avr/5.4.0/../../../../avr/lib/avr6\libc.a(vfprintf_std.o) (strnlen)
c:/apps/atmel/studio/7.0/toolchain/avr8/avr8-gnu-toolchain/bin/../lib/gcc/avr/5.4.0/../../../../avr/lib/avr6\libc.a(fputc.o)
                              c:/apps/atmel/studio/7.0/toolchain/avr8/avr8-gnu-toolchain/bin/../lib/gcc/avr/5.4.0/../../../../avr/lib/avr6\libc.a(vfprintf_std.o) (fputc)
c:/apps/atmel/studio/7.0/toolchain/avr8/avr8-gnu-toolchain/bin/../lib/gcc/avr/5.4.0/../../../../avr/lib/avr6\libc.a(ultoa_invert.o)
                              c:/apps/atmel/studio/7.0/toolchain/avr8/avr8-gnu-toolchain/bin/../lib/gcc/avr/5.4.0/../../../../avr/lib/avr6\libc.a(vfprintf_std.o) (__ultoa_invert)
c:/apps/atmel/studio/7.0/toolchain/avr8/avr8-gnu-toolchain/bin/../lib/gcc/avr/5.4.0/avr6\libgcc.a(_divmodsi4.o)
                              c:/apps/atmel/studio/7.0/toolchain/avr8/avr8-gnu-toolchain/bin/../lib/gcc/avr/5.4.0/../../../../avr/lib/avr6\libc.a(rand.o) (__divmodsi4)
c:/apps/atmel/studio/7.0/toolchain/avr8/avr8-gnu-toolchain/bin/../lib/gcc/avr/5.4.0/avr6\libgcc.a(_negsi2.o)
                              c:/apps/atmel/studio/7.0/toolchain/avr8/avr8-gnu-toolchain/bin/../lib/gcc/avr/5.4.0/avr6\libgcc.a(_divmodsi4.o) (__negsi2)
c:/apps/atmel/studio/7.0/toolchain/avr8/avr8-gnu-toolchain/bin/../lib/gcc/avr/5.4.0/avr6\libgcc.a(_muluhisi3.o)
                              c:/apps/atmel/studio/7.0/toolchain/avr8/avr8-gnu-toolchain/bin/../lib/gcc/avr/5.4.0/../../../../avr/lib/avr6\libc.a(rand.o) (__muluhisi3)
c:/apps/atmel/studio/7.0/toolchain/avr8/avr8-gnu-toolchain/bin/../lib/gcc/avr/5.4.0/avr6\libgcc.a(_mulshisi3.o)
                              c:/apps/atmel/studio/7.0/toolchain/avr8/avr8-gnu-toolchain/bin/../lib/gcc/avr/5.4.0/../../../../avr/lib/avr6\libc.a(rand.o) (__mulohisi3)
c:/apps/atmel/studio/7.0/toolchain/avr8/avr8-gnu-toolchain/bin/../lib/gcc/avr/5.4.0/avr6\libgcc.a(_umulhisi3.o)
                              c:/apps/atmel/studio/7.0/toolchain/avr8/avr8-gnu-toolchain/bin/../lib/gcc/avr/5.4.0/avr6\libgcc.a(_muluhisi3.o) (__umulhisi3)

Allocating common symbols
Common symbol       size              file

nwkIb               0x28              stack/nwk/src/nwk.o
halTimerIrqCount    0x1               stack/hal/atmega256rfr2/src/halTimer.o

Discarded input sections

 .data          0x00000000        0x0 c:/apps/atmel/studio/7.0/toolchain/avr8/avr8-gnu-toolchain/bin/../lib/gcc/avr/5.4.0/../../../../avr/lib/avr6/crtatmega256rfr2.o
 .bss           0x00000000        0x0 c:/apps/atmel/studio/7.0/toolchain/avr8/avr8-gnu-toolchain/bin/../lib/gcc/avr/5.4.0/../../../../avr/lib/avr6/crtatmega256rfr2.o
 .text          0x00000000        0x0 main.o
 .data          0x00000000        0x0 main.o
 .bss           0x00000000        0x0 main.o
 .text          0x00000000        0x0 stack/hal/atmega256rfr2/src/hal.o
 .data          0x00000000        0x0 stack/hal/atmega256rfr2/src/hal.o
 .bss           0x00000000        0x0 stack/hal/atmega256rfr2/src/hal.o
 .text.HAL_Delay
                0x00000000        0x8 stack/hal/atmega256rfr2/src/hal.o
 .text          0x00000000        0x0 stack/hal/atmega256rfr2/src/halTimer.o
 .data          0x00000000        0x0 stack/hal/atmega256rfr2/src/halTimer.o
 .bss           0x00000000        0x0 stack/hal/atmega256rfr2/src/halTimer.o
 .text.HAL_TimerDelay
                0x00000000       0x44 stack/hal/atmega256rfr2/src/halTimer.o
 .text          0x00000000        0x0 stack/hal/drivers/atmega256rfr2/src/halSleep.o
 .data          0x00000000        0x0 stack/hal/drivers/atmega256rfr2/src/halSleep.o
 .bss           0x00000000        0x0 stack/hal/drivers/atmega256rfr2/src/halSleep.o
 .text.HAL_Sleep
                0x00000000      0x10c stack/hal/drivers/atmega256rfr2/src/halSleep.o
 .text          0x00000000        0x0 stack/hal/drivers/atmega256rfr2/src/halUart.o
 .data          0x00000000        0x0 stack/hal/drivers/atmega256rfr2/src/halUart.o
 .bss           0x00000000        0x0 stack/hal/drivers/atmega256rfr2/src/halUart.o
 .text          0x00000000        0x0 stack/nwk/src/nwk.o
 .data          0x00000000        0x0 stack/nwk/src/nwk.o
 .bss           0x00000000        0x0 stack/nwk/src/nwk.o
 .text.NWK_Busy
                0x00000000       0x12 stack/nwk/src/nwk.o
 .text.NWK_Lock
                0x00000000       0x10 stack/nwk/src/nwk.o
 .text.NWK_Unlock
                0x00000000       0x10 stack/nwk/src/nwk.o
 .text.NWK_SleepReq
                0x00000000        0x6 stack/nwk/src/nwk.o
 .text.NWK_WakeupReq
                0x00000000        0x6 stack/nwk/src/nwk.o
 .rodata        0x00000000        0x9 stack/nwk/src/nwk.o
 .text.NWK_LinearizeLqi
                0x00000000       0x5c stack/nwk/src/nwk.o
 .text          0x00000000        0x0 stack/nwk/src/nwkDataReq.o
 .data          0x00000000        0x0 stack/nwk/src/nwkDataReq.o
 .bss           0x00000000        0x0 stack/nwk/src/nwkDataReq.o
 .text          0x00000000        0x0 stack/nwk/src/nwkFrame.o
 .data          0x00000000        0x0 stack/nwk/src/nwkFrame.o
 .bss           0x00000000        0x0 stack/nwk/src/nwkFrame.o
 .text          0x00000000        0x0 stack/nwk/src/nwkGroup.o
 .data          0x00000000        0x0 stack/nwk/src/nwkGroup.o
 .bss           0x00000000        0x0 stack/nwk/src/nwkGroup.o
 .debug_info    0x00000000       0x56 stack/nwk/src/nwkGroup.o
 .debug_abbrev  0x00000000       0x26 stack/nwk/src/nwkGroup.o
 .debug_aranges
                0x00000000       0x18 stack/nwk/src/nwkGroup.o
 .debug_line    0x00000000       0x1a stack/nwk/src/nwkGroup.o
 .debug_str     0x00000000      0x176 stack/nwk/src/nwkGroup.o
 .comment       0x00000000       0x31 stack/nwk/src/nwkGroup.o
 .text          0x00000000        0x0 stack/nwk/src/nwkRoute.o
 .data          0x00000000        0x0 stack/nwk/src/nwkRoute.o
 .bss           0x00000000        0x0 stack/nwk/src/nwkRoute.o
 .text.NWK_RouteTable
                0x00000000        0x6 stack/nwk/src/nwkRoute.o
 .text.nwkRouteUpdateEntry
                0x00000000       0x4c stack/nwk/src/nwkRoute.o
 .text          0x00000000        0x0 stack/nwk/src/nwkRouteDiscovery.o
 .data          0x00000000        0x0 stack/nwk/src/nwkRouteDiscovery.o
 .bss           0x00000000        0x0 stack/nwk/src/nwkRouteDiscovery.o
 .debug_info    0x00000000       0x64 stack/nwk/src/nwkRouteDiscovery.o
 .debug_abbrev  0x00000000       0x26 stack/nwk/src/nwkRouteDiscovery.o
 .debug_aranges
                0x00000000       0x18 stack/nwk/src/nwkRouteDiscovery.o
 .debug_line    0x00000000       0x1a stack/nwk/src/nwkRouteDiscovery.o
 .debug_str     0x00000000      0x18e stack/nwk/src/nwkRouteDiscovery.o
 .comment       0x00000000       0x31 stack/nwk/src/nwkRouteDiscovery.o
 .text          0x00000000        0x0 stack/nwk/src/nwkRx.o
 .data          0x00000000        0x0 stack/nwk/src/nwkRx.o
 .bss           0x00000000        0x0 stack/nwk/src/nwkRx.o
 .text.NWK_SetAckControl
                0x00000000        0x6 stack/nwk/src/nwkRx.o
 .text          0x00000000        0x0 stack/nwk/src/nwkSecurity.o
 .data          0x00000000        0x0 stack/nwk/src/nwkSecurity.o
 .bss           0x00000000        0x0 stack/nwk/src/nwkSecurity.o
 .debug_info    0x00000000       0x64 stack/nwk/src/nwkSecurity.o
 .debug_abbrev  0x00000000       0x26 stack/nwk/src/nwkSecurity.o
 .debug_aranges
                0x00000000       0x18 stack/nwk/src/nwkSecurity.o
 .debug_line    0x00000000       0x1a stack/nwk/src/nwkSecurity.o
 .debug_str     0x00000000      0x188 stack/nwk/src/nwkSecurity.o
 .comment       0x00000000       0x31 stack/nwk/src/nwkSecurity.o
 .text          0x00000000        0x0 stack/nwk/src/nwkTx.o
 .data          0x00000000        0x0 stack/nwk/src/nwkTx.o
 .bss           0x00000000        0x0 stack/nwk/src/nwkTx.o
 .text.nwkTxConfirm
                0x00000000        0xe stack/nwk/src/nwkTx.o
 .text          0x00000000        0x0 stack/phy/atmega256rfr2/src/phy.o
 .data          0x00000000        0x0 stack/phy/atmega256rfr2/src/phy.o
 .bss           0x00000000        0x0 stack/phy/atmega256rfr2/src/phy.o
 .text.PHY_SetBand
                0x00000000        0xa stack/phy/atmega256rfr2/src/phy.o
 .text.PHY_SetTxPower
                0x00000000       0x10 stack/phy/atmega256rfr2/src/phy.o
 .text.PHY_Sleep
                0x00000000       0x18 stack/phy/atmega256rfr2/src/phy.o
 .text.PHY_Wakeup
                0x00000000       0x16 stack/phy/atmega256rfr2/src/phy.o
 .text          0x00000000        0x0 stack/sys/src/sys.o
 .data          0x00000000        0x0 stack/sys/src/sys.o
 .bss           0x00000000        0x0 stack/sys/src/sys.o
 .text          0x00000000        0x0 stack/sys/src/sysEncrypt.o
 .data          0x00000000        0x0 stack/sys/src/sysEncrypt.o
 .bss           0x00000000        0x0 stack/sys/src/sysEncrypt.o
 .debug_info    0x00000000       0x56 stack/sys/src/sysEncrypt.o
 .debug_abbrev  0x00000000       0x26 stack/sys/src/sysEncrypt.o
 .debug_aranges
                0x00000000       0x18 stack/sys/src/sysEncrypt.o
 .debug_line    0x00000000       0x1a stack/sys/src/sysEncrypt.o
 .debug_str     0x00000000      0x178 stack/sys/src/sysEncrypt.o
 .comment       0x00000000       0x31 stack/sys/src/sysEncrypt.o
 .text          0x00000000        0x0 stack/sys/src/sysTimer.o
 .data          0x00000000        0x0 stack/sys/src/sysTimer.o
 .bss           0x00000000        0x0 stack/sys/src/sysTimer.o
 .text          0x00000000        0x0 c:/apps/atmel/studio/7.0/toolchain/avr8/avr8-gnu-toolchain/bin/../lib/gcc/avr/5.4.0/avr6\libgcc.a(_udivmodsi4.o)
 .data          0x00000000        0x0 c:/apps/atmel/studio/7.0/toolchain/avr8/avr8-gnu-toolchain/bin/../lib/gcc/avr/5.4.0/avr6\libgcc.a(_udivmodsi4.o)
 .bss           0x00000000        0x0 c:/apps/atmel/studio/7.0/toolchain/avr8/avr8-gnu-toolchain/bin/../lib/gcc/avr/5.4.0/avr6\libgcc.a(_udivmodsi4.o)
 .text.libgcc.mul
                0x00000000        0x0 c:/apps/atmel/studio/7.0/toolchain/avr8/avr8-gnu-toolchain/bin/../lib/gcc/avr/5.4.0/avr6\libgcc.a(_udivmodsi4.o)
 .text.libgcc   0x00000000        0x0 c:/apps/atmel/studio/7.0/toolchain/avr8/avr8-gnu-toolchain/bin/../lib/gcc/avr/5.4.0/avr6\libgcc.a(_udivmodsi4.o)
 .text.libgcc.prologue
                0x00000000        0x0 c:/apps/atmel/studio/7.0/toolchain/avr8/avr8-gnu-toolchain/bin/../lib/gcc/avr/5.4.0/avr6\libgcc.a(_udivmodsi4.o)
 .text.libgcc.builtins
                0x00000000        0x0 c:/apps/atmel/studio/7.0/toolchain/avr8/avr8-gnu-toolchain/bin/../lib/gcc/avr/5.4.0/avr6\libgcc.a(_udivmodsi4.o)
 .text.libgcc.fmul
                0x00000000        0x0 c:/apps/atmel/studio/7.0/toolchain/avr8/avr8-gnu-toolchain/bin/../lib/gcc/avr/5.4.0/avr6\libgcc.a(_udivmodsi4.o)
 .text.libgcc.fixed
                0x00000000        0x0 c:/apps/atmel/studio/7.0/toolchain/avr8/avr8-gnu-toolchain/bin/../lib/gcc/avr/5.4.0/avr6\libgcc.a(_udivmodsi4.o)
 .text          0x00000000        0x0 c:/apps/atmel/studio/7.0/toolchain/avr8/avr8-gnu-toolchain/bin/../lib/gcc/avr/5.4.0/avr6\libgcc.a(_exit.o)
 .data          0x00000000        0x0 c:/apps/atmel/studio/7.0/toolchain/avr8/avr8-gnu-toolchain/bin/../lib/gcc/avr/5.4.0/avr6\libgcc.a(_exit.o)
 .bss           0x00000000        0x0 c:/apps/atmel/studio/7.0/toolchain/avr8/avr8-gnu-toolchain/bin/../lib/gcc/avr/5.4.0/avr6\libgcc.a(_exit.o)
 .text.libgcc.mul
                0x00000000        0x0 c:/apps/atmel/studio/7.0/toolchain/avr8/avr8-gnu-toolchain/bin/../lib/gcc/avr/5.4.0/avr6\libgcc.a(_exit.o)
 .text.libgcc.div
                0x00000000        0x0 c:/apps/atmel/studio/7.0/toolchain/avr8/avr8-gnu-toolchain/bin/../lib/gcc/avr/5.4.0/avr6\libgcc.a(_exit.o)
 .text.libgcc   0x00000000        0x0 c:/apps/atmel/studio/7.0/toolchain/avr8/avr8-gnu-toolchain/bin/../lib/gcc/avr/5.4.0/avr6\libgcc.a(_exit.o)
 .text.libgcc.prologue
                0x00000000        0x0 c:/apps/atmel/studio/7.0/toolchain/avr8/avr8-gnu-toolchain/bin/../lib/gcc/avr/5.4.0/avr6\libgcc.a(_exit.o)
 .text.libgcc.builtins
                0x00000000        0x0 c:/apps/atmel/studio/7.0/toolchain/avr8/avr8-gnu-toolchain/bin/../lib/gcc/avr/5.4.0/avr6\libgcc.a(_exit.o)
 .text.libgcc.fmul
                0x00000000        0x0 c:/apps/atmel/studio/7.0/toolchain/avr8/avr8-gnu-toolchain/bin/../lib/gcc/avr/5.4.0/avr6\libgcc.a(_exit.o)
 .text.libgcc.fixed
                0x00000000        0x0 c:/apps/atmel/studio/7.0/toolchain/avr8/avr8-gnu-toolchain/bin/../lib/gcc/avr/5.4.0/avr6\libgcc.a(_exit.o)
 .text          0x00000000        0x0 c:/apps/atmel/studio/7.0/toolchain/avr8/avr8-gnu-toolchain/bin/../lib/gcc/avr/5.4.0/avr6\libgcc.a(_copy_data.o)
 .data          0x00000000        0x0 c:/apps/atmel/studio/7.0/toolchain/avr8/avr8-gnu-toolchain/bin/../lib/gcc/avr/5.4.0/avr6\libgcc.a(_copy_data.o)
 .bss           0x00000000        0x0 c:/apps/atmel/studio/7.0/toolchain/avr8/avr8-gnu-toolchain/bin/../lib/gcc/avr/5.4.0/avr6\libgcc.a(_copy_data.o)
 .text.libgcc.mul
                0x00000000        0x0 c:/apps/atmel/studio/7.0/toolchain/avr8/avr8-gnu-toolchain/bin/../lib/gcc/avr/5.4.0/avr6\libgcc.a(_copy_data.o)
 .text.libgcc.div
                0x00000000        0x0 c:/apps/atmel/studio/7.0/toolchain/avr8/avr8-gnu-toolchain/bin/../lib/gcc/avr/5.4.0/avr6\libgcc.a(_copy_data.o)
 .text.libgcc   0x00000000        0x0 c:/apps/atmel/studio/7.0/toolchain/avr8/avr8-gnu-toolchain/bin/../lib/gcc/avr/5.4.0/avr6\libgcc.a(_copy_data.o)
 .text.libgcc.prologue
                0x00000000        0x0 c:/apps/atmel/studio/7.0/toolchain/avr8/avr8-gnu-toolchain/bin/../lib/gcc/avr/5.4.0/avr6\libgcc.a(_copy_data.o)
 .text.libgcc.builtins
                0x00000000        0x0 c:/apps/atmel/studio/7.0/toolchain/avr8/avr8-gnu-toolchain/bin/../lib/gcc/avr/5.4.0/avr6\libgcc.a(_copy_data.o)
 .text.libgcc.fmul
                0x00000000        0x0 c:/apps/atmel/studio/7.0/toolchain/avr8/avr8-gnu-toolchain/bin/../lib/gcc/avr/5.4.0/avr6\libgcc.a(_copy_data.o)
 .text.libgcc.fixed
                0x00000000        0x0 c:/apps/atmel/studio/7.0/toolchain/avr8/avr8-gnu-toolchain/bin/../lib/gcc/avr/5.4.0/avr6\libgcc.a(_copy_data.o)
 .text          0x00000000        0x0 c:/apps/atmel/studio/7.0/toolchain/avr8/avr8-gnu-toolchain/bin/../lib/gcc/avr/5.4.0/avr6\libgcc.a(_clear_bss.o)
 .data          0x00000000        0x0 c:/apps/atmel/studio/7.0/toolchain/avr8/avr8-gnu-toolchain/bin/../lib/gcc/avr/5.4.0/avr6\libgcc.a(_clear_bss.o)
 .bss           0x00000000        0x0 c:/apps/atmel/studio/7.0/toolchain/avr8/avr8-gnu-toolchain/bin/../lib/gcc/avr/5.4.0/avr6\libgcc.a(_clear_bss.o)
 .text.libgcc.mul
                0x00000000        0x0 c:/apps/atmel/studio/7.0/toolchain/avr8/avr8-gnu-toolchain/bin/../lib/gcc/avr/5.4.0/avr6\libgcc.a(_clear_bss.o)
 .text.libgcc.div
                0x00000000        0x0 c:/apps/atmel/studio/7.0/toolchain/avr8/avr8-gnu-toolchain/bin/../lib/gcc/avr/5.4.0/avr6\libgcc.a(_clear_bss.o)
 .text.libgcc   0x00000000        0x0 c:/apps/atmel/studio/7.0/toolchain/avr8/avr8-gnu-toolchain/bin/../lib/gcc/avr/5.4.0/avr6\libgcc.a(_clear_bss.o)
 .text.libgcc.prologue
                0x00000000        0x0 c:/apps/atmel/studio/7.0/toolchain/avr8/avr8-gnu-toolchain/bin/../lib/gcc/avr/5.4.0/avr6\libgcc.a(_clear_bss.o)
 .text.libgcc.builtins
                0x00000000        0x0 c:/apps/atmel/studio/7.0/toolchain/avr8/avr8-gnu-toolchain/bin/../lib/gcc/avr/5.4.0/avr6\libgcc.a(_clear_bss.o)
 .text.libgcc.fmul
                0x00000000        0x0 c:/apps/atmel/studio/7.0/toolchain/avr8/avr8-gnu-toolchain/bin/../lib/gcc/avr/5.4.0/avr6\libgcc.a(_clear_bss.o)
 .text.libgcc.fixed
                0x00000000        0x0 c:/apps/atmel/studio/7.0/toolchain/avr8/avr8-gnu-toolchain/bin/../lib/gcc/avr/5.4.0/avr6\libgcc.a(_clear_bss.o)
 .text          0x00000000        0x0 c:/apps/atmel/studio/7.0/toolchain/avr8/avr8-gnu-toolchain/bin/../lib/gcc/avr/5.4.0/../../../../avr/lib/avr6\libc.a(rand.o)
 .bss           0x00000000        0x0 c:/apps/atmel/studio/7.0/toolchain/avr8/avr8-gnu-toolchain/bin/../lib/gcc/avr/5.4.0/../../../../avr/lib/avr6\libc.a(rand.o)
 .text          0x00000000        0x0 c:/apps/atmel/studio/7.0/toolchain/avr8/avr8-gnu-toolchain/bin/../lib/gcc/avr/5.4.0/../../../../avr/lib/avr6\libc.a(memcpy.o)
 .data          0x00000000        0x0 c:/apps/atmel/studio/7.0/toolchain/avr8/avr8-gnu-toolchain/bin/../lib/gcc/avr/5.4.0/../../../../avr/lib/avr6\libc.a(memcpy.o)
 .bss           0x00000000        0x0 c:/apps/atmel/studio/7.0/toolchain/avr8/avr8-gnu-toolchain/bin/../lib/gcc/avr/5.4.0/../../../../avr/lib/avr6\libc.a(memcpy.o)
 .text          0x00000000        0x0 c:/apps/atmel/studio/7.0/toolchain/avr8/avr8-gnu-toolchain/bin/../lib/gcc/avr/5.4.0/../../../../avr/lib/avr6\libc.a(snprintf.o)
 .data          0x00000000        0x0 c:/apps/atmel/studio/7.0/toolchain/avr8/avr8-gnu-toolchain/bin/../lib/gcc/avr/5.4.0/../../../../avr/lib/avr6\libc.a(snprintf.o)
 .bss           0x00000000        0x0 c:/apps/atmel/studio/7.0/toolchain/avr8/avr8-gnu-toolchain/bin/../lib/gcc/avr/5.4.0/../../../../avr/lib/avr6\libc.a(snprintf.o)
 .text          0x00000000        0x0 c:/apps/atmel/studio/7.0/toolchain/avr8/avr8-gnu-toolchain/bin/../lib/gcc/avr/5.4.0/../../../../avr/lib/avr6\libc.a(sprintf.o)
 .data          0x00000000        0x0 c:/apps/atmel/studio/7.0/toolchain/avr8/avr8-gnu-toolchain/bin/../lib/gcc/avr/5.4.0/../../../../avr/lib/avr6\libc.a(sprintf.o)
 .bss           0x00000000        0x0 c:/apps/atmel/studio/7.0/toolchain/avr8/avr8-gnu-toolchain/bin/../lib/gcc/avr/5.4.0/../../../../avr/lib/avr6\libc.a(sprintf.o)
 .text          0x00000000        0x0 c:/apps/atmel/studio/7.0/toolchain/avr8/avr8-gnu-toolchain/bin/../lib/gcc/avr/5.4.0/../../../../avr/lib/avr6\libc.a(vfprintf_std.o)
 .data          0x00000000        0x0 c:/apps/atmel/studio/7.0/toolchain/avr8/avr8-gnu-toolchain/bin/../lib/gcc/avr/5.4.0/../../../../avr/lib/avr6\libc.a(vfprintf_std.o)
 .bss           0x00000000        0x0 c:/apps/atmel/studio/7.0/toolchain/avr8/avr8-gnu-toolchain/bin/../lib/gcc/avr/5.4.0/../../../../avr/lib/avr6\libc.a(vfprintf_std.o)
 .text          0x00000000        0x0 c:/apps/atmel/studio/7.0/toolchain/avr8/avr8-gnu-toolchain/bin/../lib/gcc/avr/5.4.0/../../../../avr/lib/avr6\libc.a(strnlen_P.o)
 .data          0x00000000        0x0 c:/apps/atmel/studio/7.0/toolchain/avr8/avr8-gnu-toolchain/bin/../lib/gcc/avr/5.4.0/../../../../avr/lib/avr6\libc.a(strnlen_P.o)
 .bss           0x00000000        0x0 c:/apps/atmel/studio/7.0/toolchain/avr8/avr8-gnu-toolchain/bin/../lib/gcc/avr/5.4.0/../../../../avr/lib/avr6\libc.a(strnlen_P.o)
 .text          0x00000000        0x0 c:/apps/atmel/studio/7.0/toolchain/avr8/avr8-gnu-toolchain/bin/../lib/gcc/avr/5.4.0/../../../../avr/lib/avr6\libc.a(strnlen.o)
 .data          0x00000000        0x0 c:/apps/atmel/studio/7.0/toolchain/avr8/avr8-gnu-toolchain/bin/../lib/gcc/avr/5.4.0/../../../../avr/lib/avr6\libc.a(strnlen.o)
 .bss           0x00000000        0x0 c:/apps/atmel/studio/7.0/toolchain/avr8/avr8-gnu-toolchain/bin/../lib/gcc/avr/5.4.0/../../../../avr/lib/avr6\libc.a(strnlen.o)
 .text          0x00000000        0x0 c:/apps/atmel/studio/7.0/toolchain/avr8/avr8-gnu-toolchain/bin/../lib/gcc/avr/5.4.0/../../../../avr/lib/avr6\libc.a(fputc.o)
 .data          0x00000000        0x0 c:/apps/atmel/studio/7.0/toolchain/avr8/avr8-gnu-toolchain/bin/../lib/gcc/avr/5.4.0/../../../../avr/lib/avr6\libc.a(fputc.o)
 .bss           0x00000000        0x0 c:/apps/atmel/studio/7.0/toolchain/avr8/avr8-gnu-toolchain/bin/../lib/gcc/avr/5.4.0/../../../../avr/lib/avr6\libc.a(fputc.o)
 .text          0x00000000        0x0 c:/apps/atmel/studio/7.0/toolchain/avr8/avr8-gnu-toolchain/bin/../lib/gcc/avr/5.4.0/../../../../avr/lib/avr6\libc.a(ultoa_invert.o)
 .data          0x00000000        0x0 c:/apps/atmel/studio/7.0/toolchain/avr8/avr8-gnu-toolchain/bin/../lib/gcc/avr/5.4.0/../../../../avr/lib/avr6\libc.a(ultoa_invert.o)
 .bss           0x00000000        0x0 c:/apps/atmel/studio/7.0/toolchain/avr8/avr8-gnu-toolchain/bin/../lib/gcc/avr/5.4.0/../../../../avr/lib/avr6\libc.a(ultoa_invert.o)
 .text          0x00000000        0x0 c:/apps/atmel/studio/7.0/toolchain/avr8/avr8-gnu-toolchain/bin/../lib/gcc/avr/5.4.0/avr6\libgcc.a(_divmodsi4.o)
 .data          0x00000000        0x0 c:/apps/atmel/studio/7.0/toolchain/avr8/avr8-gnu-toolchain/bin/../lib/gcc/avr/5.4.0/avr6\libgcc.a(_divmodsi4.o)
 .bss           0x00000000        0x0 c:/apps/atmel/studio/7.0/toolchain/avr8/avr8-gnu-toolchain/bin/../lib/gcc/avr/5.4.0/avr6\libgcc.a(_divmodsi4.o)
 .text.libgcc.mul
                0x00000000        0x0 c:/apps/atmel/studio/7.0/toolchain/avr8/avr8-gnu-toolchain/bin/../lib/gcc/avr/5.4.0/avr6\libgcc.a(_divmodsi4.o)
 .text.libgcc   0x00000000        0x0 c:/apps/atmel/studio/7.0/toolchain/avr8/avr8-gnu-toolchain/bin/../lib/gcc/avr/5.4.0/avr6\libgcc.a(_divmodsi4.o)
 .text.libgcc.prologue
                0x00000000        0x0 c:/apps/atmel/studio/7.0/toolchain/avr8/avr8-gnu-toolchain/bin/../lib/gcc/avr/5.4.0/avr6\libgcc.a(_divmodsi4.o)
 .text.libgcc.builtins
                0x00000000        0x0 c:/apps/atmel/studio/7.0/toolchain/avr8/avr8-gnu-toolchain/bin/../lib/gcc/avr/5.4.0/avr6\libgcc.a(_divmodsi4.o)
 .text.libgcc.fmul
                0x00000000        0x0 c:/apps/atmel/studio/7.0/toolchain/avr8/avr8-gnu-toolchain/bin/../lib/gcc/avr/5.4.0/avr6\libgcc.a(_divmodsi4.o)
 .text.libgcc.fixed
                0x00000000        0x0 c:/apps/atmel/studio/7.0/toolchain/avr8/avr8-gnu-toolchain/bin/../lib/gcc/avr/5.4.0/avr6\libgcc.a(_divmodsi4.o)
 .text          0x00000000        0x0 c:/apps/atmel/studio/7.0/toolchain/avr8/avr8-gnu-toolchain/bin/../lib/gcc/avr/5.4.0/avr6\libgcc.a(_negsi2.o)
 .data          0x00000000        0x0 c:/apps/atmel/studio/7.0/toolchain/avr8/avr8-gnu-toolchain/bin/../lib/gcc/avr/5.4.0/avr6\libgcc.a(_negsi2.o)
 .bss           0x00000000        0x0 c:/apps/atmel/studio/7.0/toolchain/avr8/avr8-gnu-toolchain/bin/../lib/gcc/avr/5.4.0/avr6\libgcc.a(_negsi2.o)
 .text.libgcc.mul
                0x00000000        0x0 c:/apps/atmel/studio/7.0/toolchain/avr8/avr8-gnu-toolchain/bin/../lib/gcc/avr/5.4.0/avr6\libgcc.a(_negsi2.o)
 .text.libgcc   0x00000000        0x0 c:/apps/atmel/studio/7.0/toolchain/avr8/avr8-gnu-toolchain/bin/../lib/gcc/avr/5.4.0/avr6\libgcc.a(_negsi2.o)
 .text.libgcc.prologue
                0x00000000        0x0 c:/apps/atmel/studio/7.0/toolchain/avr8/avr8-gnu-toolchain/bin/../lib/gcc/avr/5.4.0/avr6\libgcc.a(_negsi2.o)
 .text.libgcc.builtins
                0x00000000        0x0 c:/apps/atmel/studio/7.0/toolchain/avr8/avr8-gnu-toolchain/bin/../lib/gcc/avr/5.4.0/avr6\libgcc.a(_negsi2.o)
 .text.libgcc.fmul
                0x00000000        0x0 c:/apps/atmel/studio/7.0/toolchain/avr8/avr8-gnu-toolchain/bin/../lib/gcc/avr/5.4.0/avr6\libgcc.a(_negsi2.o)
 .text.libgcc.fixed
                0x00000000        0x0 c:/apps/atmel/studio/7.0/toolchain/avr8/avr8-gnu-toolchain/bin/../lib/gcc/avr/5.4.0/avr6\libgcc.a(_negsi2.o)
 .text          0x00000000        0x0 c:/apps/atmel/studio/7.0/toolchain/avr8/avr8-gnu-toolchain/bin/../lib/gcc/avr/5.4.0/avr6\libgcc.a(_muluhisi3.o)
 .data          0x00000000        0x0 c:/apps/atmel/studio/7.0/toolchain/avr8/avr8-gnu-toolchain/bin/../lib/gcc/avr/5.4.0/avr6\libgcc.a(_muluhisi3.o)
 .bss           0x00000000        0x0 c:/apps/atmel/studio/7.0/toolchain/avr8/avr8-gnu-toolchain/bin/../lib/gcc/avr/5.4.0/avr6\libgcc.a(_muluhisi3.o)
 .text.libgcc.div
                0x00000000        0x0 c:/apps/atmel/studio/7.0/toolchain/avr8/avr8-gnu-toolchain/bin/../lib/gcc/avr/5.4.0/avr6\libgcc.a(_muluhisi3.o)
 .text.libgcc   0x00000000        0x0 c:/apps/atmel/studio/7.0/toolchain/avr8/avr8-gnu-toolchain/bin/../lib/gcc/avr/5.4.0/avr6\libgcc.a(_muluhisi3.o)
 .text.libgcc.prologue
                0x00000000        0x0 c:/apps/atmel/studio/7.0/toolchain/avr8/avr8-gnu-toolchain/bin/../lib/gcc/avr/5.4.0/avr6\libgcc.a(_muluhisi3.o)
 .text.libgcc.builtins
                0x00000000        0x0 c:/apps/atmel/studio/7.0/toolchain/avr8/avr8-gnu-toolchain/bin/../lib/gcc/avr/5.4.0/avr6\libgcc.a(_muluhisi3.o)
 .text.libgcc.fmul
                0x00000000        0x0 c:/apps/atmel/studio/7.0/toolchain/avr8/avr8-gnu-toolchain/bin/../lib/gcc/avr/5.4.0/avr6\libgcc.a(_muluhisi3.o)
 .text.libgcc.fixed
                0x00000000        0x0 c:/apps/atmel/studio/7.0/toolchain/avr8/avr8-gnu-toolchain/bin/../lib/gcc/avr/5.4.0/avr6\libgcc.a(_muluhisi3.o)
 .text          0x00000000        0x0 c:/apps/atmel/studio/7.0/toolchain/avr8/avr8-gnu-toolchain/bin/../lib/gcc/avr/5.4.0/avr6\libgcc.a(_mulshisi3.o)
 .data          0x00000000        0x0 c:/apps/atmel/studio/7.0/toolchain/avr8/avr8-gnu-toolchain/bin/../lib/gcc/avr/5.4.0/avr6\libgcc.a(_mulshisi3.o)
 .bss           0x00000000        0x0 c:/apps/atmel/studio/7.0/toolchain/avr8/avr8-gnu-toolchain/bin/../lib/gcc/avr/5.4.0/avr6\libgcc.a(_mulshisi3.o)
 .text.libgcc.div
                0x00000000        0x0 c:/apps/atmel/studio/7.0/toolchain/avr8/avr8-gnu-toolchain/bin/../lib/gcc/avr/5.4.0/avr6\libgcc.a(_mulshisi3.o)
 .text.libgcc   0x00000000        0x0 c:/apps/atmel/studio/7.0/toolchain/avr8/avr8-gnu-toolchain/bin/../lib/gcc/avr/5.4.0/avr6\libgcc.a(_mulshisi3.o)
 .text.libgcc.prologue
                0x00000000        0x0 c:/apps/atmel/studio/7.0/toolchain/avr8/avr8-gnu-toolchain/bin/../lib/gcc/avr/5.4.0/avr6\libgcc.a(_mulshisi3.o)
 .text.libgcc.builtins
                0x00000000        0x0 c:/apps/atmel/studio/7.0/toolchain/avr8/avr8-gnu-toolchain/bin/../lib/gcc/avr/5.4.0/avr6\libgcc.a(_mulshisi3.o)
 .text.libgcc.fmul
                0x00000000        0x0 c:/apps/atmel/studio/7.0/toolchain/avr8/avr8-gnu-toolchain/bin/../lib/gcc/avr/5.4.0/avr6\libgcc.a(_mulshisi3.o)
 .text.libgcc.fixed
                0x00000000        0x0 c:/apps/atmel/studio/7.0/toolchain/avr8/avr8-gnu-toolchain/bin/../lib/gcc/avr/5.4.0/avr6\libgcc.a(_mulshisi3.o)
 .text          0x00000000        0x0 c:/apps/atmel/studio/7.0/toolchain/avr8/avr8-gnu-toolchain/bin/../lib/gcc/avr/5.4.0/avr6\libgcc.a(_umulhisi3.o)
 .data          0x00000000        0x0 c:/apps/atmel/studio/7.0/toolchain/avr8/avr8-gnu-toolchain/bin/../lib/gcc/avr/5.4.0/avr6\libgcc.a(_umulhisi3.o)
 .bss           0x00000000        0x0 c:/apps/atmel/studio/7.0/toolchain/avr8/avr8-gnu-toolchain/bin/../lib/gcc/avr/5.4.0/avr6\libgcc.a(_umulhisi3.o)
 .text.libgcc.div
                0x00000000        0x0 c:/apps/atmel/studio/7.0/toolchain/avr8/avr8-gnu-toolchain/bin/../lib/gcc/avr/5.4.0/avr6\libgcc.a(_umulhisi3.o)
 .text.libgcc   0x00000000        0x0 c:/apps/atmel/studio/7.0/toolchain/avr8/avr8-gnu-toolchain/bin/../lib/gcc/avr/5.4.0/avr6\libgcc.a(_umulhisi3.o)
 .text.libgcc.prologue
                0x00000000        0x0 c:/apps/atmel/studio/7.0/toolchain/avr8/avr8-gnu-toolchain/bin/../lib/gcc/avr/5.4.0/avr6\libgcc.a(_umulhisi3.o)
 .text.libgcc.builtins
                0x00000000        0x0 c:/apps/atmel/studio/7.0/toolchain/avr8/avr8-gnu-toolchain/bin/../lib/gcc/avr/5.4.0/avr6\libgcc.a(_umulhisi3.o)
 .text.libgcc.fmul
                0x00000000        0x0 c:/apps/atmel/studio/7.0/toolchain/avr8/avr8-gnu-toolchain/bin/../lib/gcc/avr/5.4.0/avr6\libgcc.a(_umulhisi3.o)
 .text.libgcc.fixed
                0x00000000        0x0 c:/apps/atmel/studio/7.0/toolchain/avr8/avr8-gnu-toolchain/bin/../lib/gcc/avr/5.4.0/avr6\libgcc.a(_umulhisi3.o)

Memory Configuration

Name             Origin             Length             Attributes
text             0x00000000         0x00040000         xr
data             0x00800200         0x00008000         rw !x
eeprom           0x00810000         0x00002000         rw !x
fuse             0x00820000         0x00000003         rw !x
lock             0x00830000         0x00000400         rw !x
signature        0x00840000         0x00000400         rw !x
user_signatures  0x00850000         0x00000400         rw !x
*default*        0x00000000         0xffffffff

Linker script and memory map

Address of section .data set to 0x800200
LOAD c:/apps/atmel/studio/7.0/toolchain/avr8/avr8-gnu-toolchain/bin/../lib/gcc/avr/5.4.0/../../../../avr/lib/avr6/crtatmega256rfr2.o
LOAD main.o
LOAD stack/hal/atmega256rfr2/src/hal.o
LOAD stack/hal/atmega256rfr2/src/halTimer.o
LOAD stack/hal/drivers/atmega256rfr2/src/halSleep.o
LOAD stack/hal/drivers/atmega256rfr2/src/halUart.o
LOAD stack/nwk/src/nwk.o
LOAD stack/nwk/src/nwkDataReq.o
LOAD stack/nwk/src/nwkFrame.o
LOAD stack/nwk/src/nwkGroup.o
LOAD stack/nwk/src/nwkRoute.o
LOAD stack/nwk/src/nwkRouteDiscovery.o
LOAD stack/nwk/src/nwkRx.o
LOAD stack/nwk/src/nwkSecurity.o
LOAD stack/nwk/src/nwkTx.o
LOAD stack/phy/atmega256rfr2/src/phy.o
LOAD stack/sys/src/sys.o
LOAD stack/sys/src/sysEncrypt.o
LOAD stack/sys/src/sysTimer.o
START GROUP
LOAD c:/apps/atmel/studio/7.0/toolchain/avr8/avr8-gnu-toolchain/bin/../lib/gcc/avr/5.4.0/../../../../avr/lib/avr6\libm.a
END GROUP
START GROUP
LOAD c:/apps/atmel/studio/7.0/toolchain/avr8/avr8-gnu-toolchain/bin/../lib/gcc/avr/5.4.0/avr6\libgcc.a
LOAD c:/apps/atmel/studio/7.0/toolchain/avr8/avr8-gnu-toolchain/bin/../lib/gcc/avr/5.4.0/../../../../avr/lib/avr6\libm.a
LOAD c:/apps/atmel/studio/7.0/toolchain/avr8/avr8-gnu-toolchain/bin/../lib/gcc/avr/5.4.0/../../../../avr/lib/avr6\libc.a
LOAD c:/apps/atmel/studio/7.0/toolchain/avr8/avr8-gnu-toolchain/bin/../lib/gcc/avr/5.4.0/../../../../avr/lib/avr6\libatmega256rfr2.a
END GROUP
                [0x00000000]                __TEXT_REGION_ORIGIN__ = DEFINED (__TEXT_REGION_ORIGIN__)?__TEXT_REGION_ORIGIN__:0x0
                [0x00800200]                __DATA_REGION_ORIGIN__ = DEFINED (__DATA_REGION_ORIGIN__)?__DATA_REGION_ORIGIN__:0x800200
                [0x00040000]                __TEXT_REGION_LENGTH__ = DEFINED (__TEXT_REGION_LENGTH__)?__TEXT_REGION_LENGTH__:0x100000
                [0x00008000]                __DATA_REGION_LENGTH__ = DEFINED (__DATA_REGION_LENGTH__)?__DATA_REGION_LENGTH__:0xfe00
                [0x00002000]                __EEPROM_REGION_LENGTH__ = DEFINED (__EEPROM_REGION_LENGTH__)?__EEPROM_REGION_LENGTH__:0x10000
                [0x00000003]                __FUSE_REGION_LENGTH__ = DEFINED (__FUSE_REGION_LENGTH__)?__FUSE_REGION_LENGTH__:0x400
                0x00000400                __LOCK_REGION_LENGTH__ = DEFINED (__LOCK_REGION_LENGTH__)?__LOCK_REGION_LENGTH__:0x400
                0x00000400                __SIGNATURE_REGION_LENGTH__ = DEFINED (__SIGNATURE_REGION_LENGTH__)?__SIGNATURE_REGION_LENGTH__:0x400
                0x00000400                __USER_SIGNATURE_REGION_LENGTH__ = DEFINED (__USER_SIGNATURE_REGION_LENGTH__)?__USER_SIGNATURE_REGION_LENGTH__:0x400

.hash
 *(.hash)

.dynsym
 *(.dynsym)

.dynstr
 *(.dynstr)

.gnu.version
 *(.gnu.version)

.gnu.version_d
 *(.gnu.version_d)

.gnu.version_r
 *(.gnu.version_r)

.rel.init
 *(.rel.init)

.rela.init
 *(.rela.init)

.rel.text
 *(.rel.text)
 *(.rel.text.*)
 *(.rel.gnu.linkonce.t*)

.rela.text
 *(.rela.text)
 *(.rela.text.*)
 *(.rela.gnu.linkonce.t*)

.rel.fini
 *(.rel.fini)

.rela.fini
 *(.rela.fini)

.rel.rodata
 *(.rel.rodata)
 *(.rel.rodata.*)
 *(.rel.gnu.linkonce.r*)

.rela.rodata
 *(.rela.rodata)
 *(.rela.rodata.*)
 *(.rela.gnu.linkonce.r*)

.rel.data
 *(.rel.data)
 *(.rel.data.*)
 *(.rel.gnu.linkonce.d*)

.rela.data
 *(.rela.data)
 *(.rela.data.*)
 *(.rela.gnu.linkonce.d*)

.rel.ctors
 *(.rel.ctors)

.rela.ctors
 *(.rela.ctors)

.rel.dtors
 *(.rel.dtors)

.rela.dtors
 *(.rela.dtors)

.rel.got
 *(.rel.got)

.rela.got
 *(.rela.got)

.rel.bss
 *(.rel.bss)

.rela.bss
 *(.rela.bss)

.rel.plt
 *(.rel.plt)

.rela.plt
 *(.rela.plt)

.text           0x00000000     0x23b4
 *(.vectors)
 .vectors       0x00000000      0x134 c:/apps/atmel/studio/7.0/toolchain/avr8/avr8-gnu-toolchain/bin/../lib/gcc/avr/5.4.0/../../../../avr/lib/avr6/crtatmega256rfr2.o
                0x00000000                __vector_default
                0x00000000                __vectors
 *(.vectors)
 *(.progmem.gcc*)
                0x00000134                . = ALIGN (0x2)
                0x00000134                __trampolines_start = .
 *(.trampolines)
 .trampolines   0x00000134        0x0 linker stubs
 *(.trampolines*)
                0x00000134                __trampolines_end = .
 *libprintf_flt.a:*(.progmem.data)
 *libc.a:*(.progmem.data)
 *(.progmem*)
                0x00000134                . = ALIGN (0x2)
 *(.jumptables)
 *(.jumptables*)
 *(.lowtext)
 *(.lowtext*)
                0x00000134                __ctors_start = .
 *(.ctors)
                0x00000134                __ctors_end = .
                0x00000134                __dtors_start = .
 *(.dtors)
                0x00000134                __dtors_end = .
 SORT(*)(.ctors)
 SORT(*)(.dtors)
 *(.init0)
 .init0         0x00000134        0x0 c:/apps/atmel/studio/7.0/toolchain/avr8/avr8-gnu-toolchain/bin/../lib/gcc/avr/5.4.0/../../../../avr/lib/avr6/crtatmega256rfr2.o
                0x00000134                __init
 *(.init0)
 *(.init1)
 *(.init1)
 *(.init2)
 .init2         0x00000134       0x10 c:/apps/atmel/studio/7.0/toolchain/avr8/avr8-gnu-toolchain/bin/../lib/gcc/avr/5.4.0/../../../../avr/lib/avr6/crtatmega256rfr2.o
 *(.init2)
 *(.init3)
 *(.init3)
 *(.init4)
 .init4         0x00000144       0x1a c:/apps/atmel/studio/7.0/toolchain/avr8/avr8-gnu-toolchain/bin/../lib/gcc/avr/5.4.0/avr6\libgcc.a(_copy_data.o)
                0x00000144                __do_copy_data
 .init4         0x0000015e       0x10 c:/apps/atmel/studio/7.0/toolchain/avr8/avr8-gnu-toolchain/bin/../lib/gcc/avr/5.4.0/avr6\libgcc.a(_clear_bss.o)
                0x0000015e                __do_clear_bss
 *(.init4)
 *(.init5)
 *(.init5)
 *(.init6)
 *(.init6)
 *(.init7)
 *(.init7)
 *(.init8)
 *(.init8)
 *(.init9)
 .init9         0x0000016e        0x6 c:/apps/atmel/studio/7.0/toolchain/avr8/avr8-gnu-toolchain/bin/../lib/gcc/avr/5.4.0/../../../../avr/lib/avr6/crtatmega256rfr2.o
 *(.init9)
 *(.text)
 .text          0x00000174        0x2 c:/apps/atmel/studio/7.0/toolchain/avr8/avr8-gnu-toolchain/bin/../lib/gcc/avr/5.4.0/../../../../avr/lib/avr6/crtatmega256rfr2.o
                0x00000174                __vector_38
                0x00000174                __vector_22
                0x00000174                __vector_63
                0x00000174                __vector_28
                0x00000174                __vector_67
                0x00000174                __vector_1
                0x00000174                __vector_32
                0x00000174                __vector_75
                0x00000174                __vector_71
                0x00000174                __vector_34
                0x00000174                __vector_62
                0x00000174                __vector_24
                0x00000174                __vector_12
                0x00000174                __vector_55
                0x00000174                __vector_69
                0x00000174                __vector_46
                0x00000174                __bad_interrupt
                0x00000174                __vector_72
                0x00000174                __vector_6
                0x00000174                __vector_31
                0x00000174                __vector_35
                0x00000174                __vector_74
                0x00000174                __vector_39
                0x00000174                __vector_3
                0x00000174                __vector_23
                0x00000174                __vector_68
                0x00000174                __vector_30
                0x00000174                __vector_73
                0x00000174                __vector_45
                0x00000174                __vector_25
                0x00000174                __vector_61
                0x00000174                __vector_11
                0x00000174                __vector_54
                0x00000174                __vector_17
                0x00000174                __vector_19
                0x00000174                __vector_56
                0x00000174                __vector_7
                0x00000174                __vector_49
                0x00000174                __vector_41
                0x00000174                __vector_64
                0x00000174                __vector_43
                0x00000174                __vector_27
                0x00000174                __vector_5
                0x00000174                __vector_33
                0x00000174                __vector_76
                0x00000174                __vector_47
                0x00000174                __vector_52
                0x00000174                __vector_4
                0x00000174                __vector_44
                0x00000174                __vector_51
                0x00000174                __vector_9
                0x00000174                __vector_2
                0x00000174                __vector_21
                0x00000174                __vector_15
                0x00000174                __vector_66
                0x00000174                __vector_58
                0x00000174                __vector_70
                0x00000174                __vector_29
                0x00000174                __vector_60
                0x00000174                __vector_40
                0x00000174                __vector_8
                0x00000174                __vector_26
                0x00000174                __vector_48
                0x00000174                __vector_14
                0x00000174                __vector_57
                0x00000174                __vector_53
                0x00000174                __vector_10
                0x00000174                __vector_50
                0x00000174                __vector_16
                0x00000174                __vector_59
                0x00000174                __vector_18
                0x00000174                __vector_20
                0x00000174                __vector_65
                0x00000176                . = ALIGN (0x2)
 *(.text.*)
 .text.appDataConf
                0x00000176        0x6 main.o
 .text.appSendData
                0x0000017c       0x9e main.o
 .text.appTimerHandler
                0x0000021a        0x4 main.o
 .text.appSendACK
                0x0000021e       0x3a main.o
 .text.appDataInd
                0x00000258       0x7a main.o
 .text.appTimerHandler2
                0x000002d2       0x52 main.o
 .text.HAL_UartBytesReceived
                0x00000324       0x4e main.o
                0x00000324                HAL_UartBytesReceived
 .text.main     0x00000372       0xae main.o
                0x00000372                main
 .text.HAL_Init
                0x00000420       0x28 stack/hal/atmega256rfr2/src/hal.o
                0x00000420                HAL_Init
 .text.HAL_TimerInit
                0x00000448       0x2a stack/hal/atmega256rfr2/src/halTimer.o
                0x00000448                HAL_TimerInit
 .text.__vector_42
                0x00000472       0x22 stack/hal/atmega256rfr2/src/halTimer.o
                0x00000472                __vector_42
 .text.__vector_13
                0x00000494       0x1e stack/hal/drivers/atmega256rfr2/src/halSleep.o
                0x00000494                __vector_13
 .text.HAL_UartInit
                0x000004b2       0xaa stack/hal/drivers/atmega256rfr2/src/halUart.o
                0x000004b2                HAL_UartInit
 .text.HAL_UartWriteByte
                0x0000055c       0x4e stack/hal/drivers/atmega256rfr2/src/halUart.o
                0x0000055c                HAL_UartWriteByte
 .text.HAL_UartReadByte
                0x000005aa       0x4c stack/hal/drivers/atmega256rfr2/src/halUart.o
                0x000005aa                HAL_UartReadByte
 .text.__vector_37
                0x000005f6       0x38 stack/hal/drivers/atmega256rfr2/src/halUart.o
                0x000005f6                __vector_37
 .text.__vector_36
                0x0000062e       0xae stack/hal/drivers/atmega256rfr2/src/halUart.o
                0x0000062e                __vector_36
 .text.HAL_UartTaskHandler
                0x000006dc       0x86 stack/hal/drivers/atmega256rfr2/src/halUart.o
                0x000006dc                HAL_UartTaskHandler
 .text.NWK_Init
                0x00000762       0x2e stack/nwk/src/nwk.o
                0x00000762                NWK_Init
 .text.NWK_SetAddr
                0x00000790        0xe stack/nwk/src/nwk.o
                0x00000790                NWK_SetAddr
 .text.NWK_SetPanId
                0x0000079e        0xe stack/nwk/src/nwk.o
                0x0000079e                NWK_SetPanId
 .text.NWK_OpenEndpoint
                0x000007ac       0x12 stack/nwk/src/nwk.o
                0x000007ac                NWK_OpenEndpoint
 .text.NWK_TaskHandler
                0x000007be        0x8 stack/nwk/src/nwk.o
                0x000007be                NWK_TaskHandler
 .text.nwkDataReqTxConf
                0x000007c6       0x46 stack/nwk/src/nwkDataReq.o
 .text.nwkDataReqInit
                0x0000080c        0xa stack/nwk/src/nwkDataReq.o
                0x0000080c                nwkDataReqInit
 .text.NWK_DataReq
                0x00000816       0x48 stack/nwk/src/nwkDataReq.o
                0x00000816                NWK_DataReq
 .text.nwkDataReqTaskHandler
                0x0000085e      0x146 stack/nwk/src/nwkDataReq.o
                0x0000085e                nwkDataReqTaskHandler
 .text.nwkFrameInit
                0x000009a4       0x16 stack/nwk/src/nwkFrame.o
                0x000009a4                nwkFrameInit
 .text.nwkFrameAlloc
                0x000009ba       0x72 stack/nwk/src/nwkFrame.o
                0x000009ba                nwkFrameAlloc
 .text.nwkFrameFree
                0x00000a2c       0x14 stack/nwk/src/nwkFrame.o
                0x00000a2c                nwkFrameFree
 .text.nwkFrameNext
                0x00000a40       0x4a stack/nwk/src/nwkFrame.o
                0x00000a40                nwkFrameNext
 .text.nwkFrameCommandInit
                0x00000a8a       0x28 stack/nwk/src/nwkFrame.o
                0x00000a8a                nwkFrameCommandInit
 .text.nwkRouteInit
                0x00000ab2       0x40 stack/nwk/src/nwkRoute.o
                0x00000ab2                nwkRouteInit
 .text.NWK_RouteFindEntry
                0x00000af2       0x64 stack/nwk/src/nwkRoute.o
                0x00000af2                NWK_RouteFindEntry
 .text.NWK_RouteNewEntry
                0x00000b56       0x44 stack/nwk/src/nwkRoute.o
                0x00000b56                NWK_RouteNewEntry
 .text.NWK_RouteFreeEntry
                0x00000b9a       0x14 stack/nwk/src/nwkRoute.o
                0x00000b9a                NWK_RouteFreeEntry
 .text.NWK_RouteNextHop
                0x00000bae       0x14 stack/nwk/src/nwkRoute.o
                0x00000bae                NWK_RouteNextHop
 .text.nwkRouteRemove
                0x00000bc2        0xa stack/nwk/src/nwkRoute.o
                0x00000bc2                nwkRouteRemove
 .text.nwkRouteFrameReceived
                0x00000bcc       0x9e stack/nwk/src/nwkRoute.o
                0x00000bcc                nwkRouteFrameReceived
 .text.nwkRouteFrameSent
                0x00000c6a       0x8e stack/nwk/src/nwkRoute.o
                0x00000c6a                nwkRouteFrameSent
 .text.nwkRoutePrepareTx
                0x00000cf8       0x3e stack/nwk/src/nwkRoute.o
                0x00000cf8                nwkRoutePrepareTx
 .text.nwkRouteFrame
                0x00000d36       0x98 stack/nwk/src/nwkRoute.o
                0x00000d36                nwkRouteFrame
 .text.nwkRouteErrorReceived
                0x00000dce       0x1e stack/nwk/src/nwkRoute.o
                0x00000dce                nwkRouteErrorReceived
 .text.nwkRxServiceDataInd
                0x00000dec       0x30 stack/nwk/src/nwkRx.o
 .text.nwkRxDuplicateRejectionTimerHandler
                0x00000e1c       0x2c stack/nwk/src/nwkRx.o
 .text.nwkRxInit
                0x00000e48       0x3a stack/nwk/src/nwkRx.o
                0x00000e48                nwkRxInit
 .text.PHY_DataInd
                0x00000e82       0x54 stack/nwk/src/nwkRx.o
                0x00000e82                PHY_DataInd
 .text.nwkRxTaskHandler
                0x00000ed6      0x478 stack/nwk/src/nwkRx.o
                0x00000ed6                nwkRxTaskHandler
 .text.nwkTxDelayTimerHandler
                0x0000134e       0x58 stack/nwk/src/nwkTx.o
 .text.nwkTxAckWaitTimerHandler
                0x000013a6       0x64 stack/nwk/src/nwkTx.o
 .text.nwkTxInit
                0x0000140a       0x46 stack/nwk/src/nwkTx.o
                0x0000140a                nwkTxInit
 .text.nwkTxFrame
                0x00001450       0x9c stack/nwk/src/nwkTx.o
                0x00001450                nwkTxFrame
 .text.nwkTxBroadcastFrame
                0x000014ec       0x86 stack/nwk/src/nwkTx.o
                0x000014ec                nwkTxBroadcastFrame
 .text.nwkTxAckReceived
                0x00001572       0x4a stack/nwk/src/nwkTx.o
                0x00001572                nwkTxAckReceived
 .text.PHY_DataConf
                0x000015bc       0x46 stack/nwk/src/nwkTx.o
                0x000015bc                PHY_DataConf
 .text.nwkTxTaskHandler
                0x00001602      0x136 stack/nwk/src/nwkTx.o
                0x00001602                nwkTxTaskHandler
 .text.phySetChannel
                0x00001738       0x3c stack/phy/atmega256rfr2/src/phy.o
 .text.phyTrxSetState
                0x00001774       0x24 stack/phy/atmega256rfr2/src/phy.o
 .text.phySetRxState
                0x00001798       0x18 stack/phy/atmega256rfr2/src/phy.o
 .text.PHY_Init
                0x000017b0       0x2e stack/phy/atmega256rfr2/src/phy.o
                0x000017b0                PHY_Init
 .text.PHY_SetRxState
                0x000017de        0x8 stack/phy/atmega256rfr2/src/phy.o
                0x000017de                PHY_SetRxState
 .text.PHY_SetChannel
                0x000017e6        0x8 stack/phy/atmega256rfr2/src/phy.o
                0x000017e6                PHY_SetChannel
 .text.PHY_SetPanId
                0x000017ee       0x24 stack/phy/atmega256rfr2/src/phy.o
                0x000017ee                PHY_SetPanId
 .text.PHY_SetShortAddr
                0x00001812       0x2e stack/phy/atmega256rfr2/src/phy.o
                0x00001812                PHY_SetShortAddr
 .text.PHY_DataReq
                0x00001840       0x52 stack/phy/atmega256rfr2/src/phy.o
                0x00001840                PHY_DataReq
 .text.PHY_TaskHandler
                0x00001892       0xf6 stack/phy/atmega256rfr2/src/phy.o
                0x00001892                PHY_TaskHandler
 .text.SYS_Init
                0x00001988        0xe stack/sys/src/sys.o
                0x00001988                SYS_Init
 .text.SYS_TaskHandler
                0x00001996        0xa stack/sys/src/sys.o
                0x00001996                SYS_TaskHandler
 .text.placeTimer
                0x000019a0       0xc8 stack/sys/src/sysTimer.o
 .text.SYS_TimerInit
                0x00001a68        0xa stack/sys/src/sysTimer.o
                0x00001a68                SYS_TimerInit
 .text.SYS_TimerStop
                0x00001a72       0x7a stack/sys/src/sysTimer.o
                0x00001a72                SYS_TimerStop
 .text.SYS_TimerStarted
                0x00001aec       0x34 stack/sys/src/sysTimer.o
                0x00001aec                SYS_TimerStarted
 .text.SYS_TimerStart
                0x00001b20       0x16 stack/sys/src/sysTimer.o
                0x00001b20                SYS_TimerStart
 .text.SYS_TimerTaskHandler
                0x00001b36       0xd6 stack/sys/src/sysTimer.o
                0x00001b36                SYS_TimerTaskHandler
 .text.libgcc.div
                0x00001c0c       0x44 c:/apps/atmel/studio/7.0/toolchain/avr8/avr8-gnu-toolchain/bin/../lib/gcc/avr/5.4.0/avr6\libgcc.a(_udivmodsi4.o)
                0x00001c0c                __udivmodsi4
 .text.avr-libc
                0x00001c50       0xaa c:/apps/atmel/studio/7.0/toolchain/avr8/avr8-gnu-toolchain/bin/../lib/gcc/avr/5.4.0/../../../../avr/lib/avr6\libc.a(rand.o)
                0x00001cdc                rand_r
                0x00001cde                rand
                0x00001ce4                srand
 .text.avr-libc
                0x00001cfa       0x12 c:/apps/atmel/studio/7.0/toolchain/avr8/avr8-gnu-toolchain/bin/../lib/gcc/avr/5.4.0/../../../../avr/lib/avr6\libc.a(memcpy.o)
                0x00001cfa                memcpy
 .text.avr-libc
                0x00001d0c       0x78 c:/apps/atmel/studio/7.0/toolchain/avr8/avr8-gnu-toolchain/bin/../lib/gcc/avr/5.4.0/../../../../avr/lib/avr6\libc.a(snprintf.o)
                0x00001d0c                snprintf
 .text.avr-libc
                0x00001d84       0x5c c:/apps/atmel/studio/7.0/toolchain/avr8/avr8-gnu-toolchain/bin/../lib/gcc/avr/5.4.0/../../../../avr/lib/avr6\libc.a(sprintf.o)
                0x00001d84                sprintf
 .text.avr-libc
                0x00001de0      0x3fa c:/apps/atmel/studio/7.0/toolchain/avr8/avr8-gnu-toolchain/bin/../lib/gcc/avr/5.4.0/../../../../avr/lib/avr6\libc.a(vfprintf_std.o)
                0x00001de0                vfprintf
 .text.avr-libc
                0x000021da       0x16 c:/apps/atmel/studio/7.0/toolchain/avr8/avr8-gnu-toolchain/bin/../lib/gcc/avr/5.4.0/../../../../avr/lib/avr6\libc.a(strnlen_P.o)
                0x000021da                strnlen_P
 .text.avr-libc
                0x000021f0       0x16 c:/apps/atmel/studio/7.0/toolchain/avr8/avr8-gnu-toolchain/bin/../lib/gcc/avr/5.4.0/../../../../avr/lib/avr6\libc.a(strnlen.o)
                0x000021f0                strnlen
 .text.avr-libc
                0x00002206       0x78 c:/apps/atmel/studio/7.0/toolchain/avr8/avr8-gnu-toolchain/bin/../lib/gcc/avr/5.4.0/../../../../avr/lib/avr6\libc.a(fputc.o)
                0x00002206                fputc
 .text.avr-libc
                0x0000227e       0xbc c:/apps/atmel/studio/7.0/toolchain/avr8/avr8-gnu-toolchain/bin/../lib/gcc/avr/5.4.0/../../../../avr/lib/avr6\libc.a(ultoa_invert.o)
                0x0000227e                __ultoa_invert
 .text.libgcc.div
                0x0000233a       0x28 c:/apps/atmel/studio/7.0/toolchain/avr8/avr8-gnu-toolchain/bin/../lib/gcc/avr/5.4.0/avr6\libgcc.a(_divmodsi4.o)
                0x0000233a                __divmodsi4
 .text.libgcc.div
                0x00002362       0x10 c:/apps/atmel/studio/7.0/toolchain/avr8/avr8-gnu-toolchain/bin/../lib/gcc/avr/5.4.0/avr6\libgcc.a(_negsi2.o)
                0x00002362                __negsi2
 .text.libgcc.mul
                0x00002372       0x14 c:/apps/atmel/studio/7.0/toolchain/avr8/avr8-gnu-toolchain/bin/../lib/gcc/avr/5.4.0/avr6\libgcc.a(_muluhisi3.o)
                0x00002372                __muluhisi3
 .text.libgcc.mul
                0x00002386        0xc c:/apps/atmel/studio/7.0/toolchain/avr8/avr8-gnu-toolchain/bin/../lib/gcc/avr/5.4.0/avr6\libgcc.a(_mulshisi3.o)
                0x00002386                __mulshisi3
                0x0000238a                __mulohisi3
 .text.libgcc.mul
                0x00002392       0x1e c:/apps/atmel/studio/7.0/toolchain/avr8/avr8-gnu-toolchain/bin/../lib/gcc/avr/5.4.0/avr6\libgcc.a(_umulhisi3.o)
                0x00002392                __umulhisi3
                0x000023b0                . = ALIGN (0x2)
 *(.fini9)
 .fini9         0x000023b0        0x0 c:/apps/atmel/studio/7.0/toolchain/avr8/avr8-gnu-toolchain/bin/../lib/gcc/avr/5.4.0/avr6\libgcc.a(_exit.o)
                0x000023b0                _exit
                0x000023b0                exit
 *(.fini9)
 *(.fini8)
 *(.fini8)
 *(.fini7)
 *(.fini7)
 *(.fini6)
 *(.fini6)
 *(.fini5)
 *(.fini5)
 *(.fini4)
 *(.fini4)
 *(.fini3)
 *(.fini3)
 *(.fini2)
 *(.fini2)
 *(.fini1)
 *(.fini1)
 *(.fini0)
 .fini0         0x000023b0        0x4 c:/apps/atmel/studio/7.0/toolchain/avr8/avr8-gnu-toolchain/bin/../lib/gcc/avr/5.4.0/avr6\libgcc.a(_exit.o)
 *(.fini0)
                0x000023b4                _etext = .

.data           0x00800200       0x1e load address 0x000023b4
                0x00800200                PROVIDE (__data_start, .)
 *(.data)
 .data          0x00800200        0x4 c:/apps/atmel/studio/7.0/toolchain/avr8/avr8-gnu-toolchain/bin/../lib/gcc/avr/5.4.0/../../../../avr/lib/avr6\libc.a(rand.o)
 *(.data*)
 *(.gnu.linkonce.d*)
 *(.rodata)
 *(.rodata*)
 .rodata.str1.1
                0x00800204       0x19 main.o
 *(.gnu.linkonce.r*)
                0x0080021e                . = ALIGN (0x2)
 *fill*         0x0080021d        0x1 
                0x0080021e                _edata = .
                0x0080021e                PROVIDE (__data_end, .)

.bss            0x0080021e     0x17dd
                0x0080021e                PROVIDE (__bss_start, .)
 *(.bss)
 *(.bss*)
 .bss.dataToSend.2685
                0x0080021e       0x32 main.o
 .bss.appTimer2
                0x00800250        0xd main.o
 .bss.appUartBufferPtr
                0x0080025d        0x1 main.o
 .bss.appDataReqBuffer
                0x0080025e       0x6d main.o
 .bss.appDataReqBusy
                0x008002cb        0x1 main.o
 .bss.appDataReq
                0x008002cc       0x11 main.o
 .bss.appTimer  0x008002dd        0xd main.o
 .bss.appState  0x008002ea        0x1 main.o
 .bss.halSleepTimerEvent
                0x008002eb        0x1 stack/hal/drivers/atmega256rfr2/src/halSleep.o
 .bss.newData   0x008002ec        0x1 stack/hal/drivers/atmega256rfr2/src/halUart.o
 .bss.udrEmpty  0x008002ed        0x1 stack/hal/drivers/atmega256rfr2/src/halUart.o
 .bss.rxData    0x008002ee      0x191 stack/hal/drivers/atmega256rfr2/src/halUart.o
 .bss.rxFifo    0x0080047f        0xa stack/hal/drivers/atmega256rfr2/src/halUart.o
 .bss.txData    0x00800489      0x191 stack/hal/drivers/atmega256rfr2/src/halUart.o
 .bss.txFifo    0x0080061a        0xa stack/hal/drivers/atmega256rfr2/src/halUart.o
 .bss.nwkDataReqQueue
                0x00800624        0x2 stack/nwk/src/nwkDataReq.o
 .bss.nwkFrameFrames
                0x00800626     0x100e stack/nwk/src/nwkFrame.o
 .bss.nwkRouteTable
                0x00801634      0x2bc stack/nwk/src/nwkRoute.o
 .bss.nwkRxDuplicateRejectionTimer
                0x008018f0        0xd stack/nwk/src/nwkRx.o
 .bss.nwkRxAckControl
                0x008018fd        0x1 stack/nwk/src/nwkRx.o
 .bss.nwkRxDuplicateRejectionTable
                0x008018fe       0x32 stack/nwk/src/nwkRx.o
 .bss.nwkTxDelayTimer
                0x00801930        0xd stack/nwk/src/nwkTx.o
 .bss.nwkTxAckWaitTimer
                0x0080193d        0xd stack/nwk/src/nwkTx.o
 .bss.nwkTxPhyActiveFrame
                0x0080194a        0x2 stack/nwk/src/nwkTx.o
 .bss.phyBand   0x0080194c        0x1 stack/phy/atmega256rfr2/src/phy.o
 .bss.phyChannel
                0x0080194d        0x1 stack/phy/atmega256rfr2/src/phy.o
 .bss.phyRxState
                0x0080194e        0x1 stack/phy/atmega256rfr2/src/phy.o
 .bss.phyRxBuffer
                0x0080194f       0x80 stack/phy/atmega256rfr2/src/phy.o
 .bss.phyState  0x008019cf        0x1 stack/phy/atmega256rfr2/src/phy.o
 .bss.timers    0x008019d0        0x2 stack/sys/src/sysTimer.o
 *(COMMON)
 COMMON         0x008019d2        0x1 stack/hal/atmega256rfr2/src/halTimer.o
                0x008019d2                halTimerIrqCount
 COMMON         0x008019d3       0x28 stack/nwk/src/nwk.o
                0x008019d3                nwkIb
                0x008019fb                PROVIDE (__bss_end, .)
                0x000023b4                __data_load_start = LOADADDR (.data)
                0x000023d2                __data_load_end = (__data_load_start + SIZEOF (.data))

.noinit         0x008019fb        0x0
                [!provide]                PROVIDE (__noinit_start, .)
 *(.noinit*)
                [!provide]                PROVIDE (__noinit_end, .)
                0x008019fb                _end = .
                [!provide]                PROVIDE (__heap_start, .)

.eeprom         0x00810000        0x0
 *(.eeprom*)
                0x00810000                __eeprom_end = .

.fuse
 *(.fuse)
 *(.lfuse)
 *(.hfuse)
 *(.efuse)

.lock
 *(.lock*)

.signature
 *(.signature*)

.user_signatures
 *(.user_signatures*)

.stab
 *(.stab)

.stabstr
 *(.stabstr)

.stab.excl
 *(.stab.excl)

.stab.exclstr
 *(.stab.exclstr)

.stab.index
 *(.stab.index)

.stab.indexstr
 *(.stab.indexstr)

.comment        0x00000000       0x5c
 *(.comment)
 .comment       0x00000000       0x30 main.o
                                 0x31 (size before relaxing)
 .comment       0x00000030       0x31 stack/hal/atmega256rfr2/src/hal.o
 .comment       0x00000030       0x31 stack/hal/atmega256rfr2/src/halTimer.o
 .comment       0x00000030       0x31 stack/hal/drivers/atmega256rfr2/src/halSleep.o
 .comment       0x00000030       0x31 stack/hal/drivers/atmega256rfr2/src/halUart.o
 .comment       0x00000030       0x31 stack/nwk/src/nwk.o
 .comment       0x00000030       0x31 stack/nwk/src/nwkDataReq.o
 .comment       0x00000030       0x31 stack/nwk/src/nwkFrame.o
 .comment       0x00000030       0x31 stack/nwk/src/nwkRoute.o
 .comment       0x00000030       0x31 stack/nwk/src/nwkRx.o
 .comment       0x00000030       0x31 stack/nwk/src/nwkTx.o
 .comment       0x00000030       0x31 stack/phy/atmega256rfr2/src/phy.o
 .comment       0x00000030       0x31 stack/sys/src/sys.o
 .comment       0x00000030       0x31 stack/sys/src/sysTimer.o
 .comment       0x00000030       0x31 c:/apps/atmel/studio/7.0/toolchain/avr8/avr8-gnu-toolchain/bin/../lib/gcc/avr/5.4.0/../../../../avr/lib/avr6\libc.a(rand.o)
 .comment       0x00000030       0x31 c:/apps/atmel/studio/7.0/toolchain/avr8/avr8-gnu-toolchain/bin/../lib/gcc/avr/5.4.0/../../../../avr/lib/avr6\libc.a(snprintf.o)
 .comment       0x00000030       0x31 c:/apps/atmel/studio/7.0/toolchain/avr8/avr8-gnu-toolchain/bin/../lib/gcc/avr/5.4.0/../../../../avr/lib/avr6\libc.a(sprintf.o)
 .comment       0x00000030       0x2c c:/apps/atmel/studio/7.0/toolchain/avr8/avr8-gnu-toolchain/bin/../lib/gcc/avr/5.4.0/../../../../avr/lib/avr6\libc.a(vfprintf_std.o)
                                 0x2d (size before relaxing)
 .comment       0x0000005c       0x31 c:/apps/atmel/studio/7.0/toolchain/avr8/avr8-gnu-toolchain/bin/../lib/gcc/avr/5.4.0/../../../../avr/lib/avr6\libc.a(fputc.o)

.note.gnu.avr.deviceinfo
                0x00000000       0x40
 .note.gnu.avr.deviceinfo
                0x00000000       0x40 c:/apps/atmel/studio/7.0/toolchain/avr8/avr8-gnu-toolchain/bin/../lib/gcc/avr/5.4.0/../../../../avr/lib/avr6/crtatmega256rfr2.o

.note.gnu.build-id
 *(.note.gnu.build-id)

.debug
 *(.debug)

.line
 *(.line)

.debug_srcinfo
 *(.debug_srcinfo)

.debug_sfnames
 *(.debug_sfnames)

.debug_aranges  0x00000000      0x428
 *(.debug_aranges)
 .debug_aranges
                0x00000000       0x58 main.o
 .debug_aranges
                0x00000058       0x28 stack/hal/atmega256rfr2/src/hal.o
 .debug_aranges
                0x00000080       0x30 stack/hal/atmega256rfr2/src/halTimer.o
 .debug_aranges
                0x000000b0       0x28 stack/hal/drivers/atmega256rfr2/src/halSleep.o
 .debug_aranges
                0x000000d8       0x48 stack/hal/drivers/atmega256rfr2/src/halUart.o
 .debug_aranges
                0x00000120       0x70 stack/nwk/src/nwk.o
 .debug_aranges
                0x00000190       0x38 stack/nwk/src/nwkDataReq.o
 .debug_aranges
                0x000001c8       0x40 stack/nwk/src/nwkFrame.o
 .debug_aranges
                0x00000208       0x80 stack/nwk/src/nwkRoute.o
 .debug_aranges
                0x00000288       0x48 stack/nwk/src/nwkRx.o
 .debug_aranges
                0x000002d0       0x60 stack/nwk/src/nwkTx.o
 .debug_aranges
                0x00000330       0x88 stack/phy/atmega256rfr2/src/phy.o
 .debug_aranges
                0x000003b8       0x28 stack/sys/src/sys.o
 .debug_aranges
                0x000003e0       0x48 stack/sys/src/sysTimer.o

.debug_pubnames
 *(.debug_pubnames)

.debug_info     0x00000000     0x62c9
 *(.debug_info .gnu.linkonce.wi.*)
 .debug_info    0x00000000     0x13e6 c:/apps/atmel/studio/7.0/toolchain/avr8/avr8-gnu-toolchain/bin/../lib/gcc/avr/5.4.0/../../../../avr/lib/avr6/crtatmega256rfr2.o
 .debug_info    0x000013e6      0x87f main.o
 .debug_info    0x00001c65      0x128 stack/hal/atmega256rfr2/src/hal.o
 .debug_info    0x00001d8d       0xe4 stack/hal/atmega256rfr2/src/halTimer.o
 .debug_info    0x00001e71      0x184 stack/hal/drivers/atmega256rfr2/src/halSleep.o
 .debug_info    0x00001ff5      0x31a stack/hal/drivers/atmega256rfr2/src/halUart.o
 .debug_info    0x0000230f      0x4ce stack/nwk/src/nwk.o
 .debug_info    0x000027dd      0x785 stack/nwk/src/nwkDataReq.o
 .debug_info    0x00002f62      0x572 stack/nwk/src/nwkFrame.o
 .debug_info    0x000034d4      0xb52 stack/nwk/src/nwkRoute.o
 .debug_info    0x00004026      0xc34 stack/nwk/src/nwkRx.o
 .debug_info    0x00004c5a      0xa26 stack/nwk/src/nwkTx.o
 .debug_info    0x00005680      0x7c4 stack/phy/atmega256rfr2/src/phy.o
 .debug_info    0x00005e44      0x140 stack/sys/src/sys.o
 .debug_info    0x00005f84      0x345 stack/sys/src/sysTimer.o

.debug_abbrev   0x00000000     0x2c97
 *(.debug_abbrev)
 .debug_abbrev  0x00000000     0x12d6 c:/apps/atmel/studio/7.0/toolchain/avr8/avr8-gnu-toolchain/bin/../lib/gcc/avr/5.4.0/../../../../avr/lib/avr6/crtatmega256rfr2.o
 .debug_abbrev  0x000012d6      0x268 main.o
 .debug_abbrev  0x0000153e       0xc3 stack/hal/atmega256rfr2/src/hal.o
 .debug_abbrev  0x00001601       0xaa stack/hal/atmega256rfr2/src/halTimer.o
 .debug_abbrev  0x000016ab       0xd5 stack/hal/drivers/atmega256rfr2/src/halSleep.o
 .debug_abbrev  0x00001780      0x16a stack/hal/drivers/atmega256rfr2/src/halUart.o
 .debug_abbrev  0x000018ea      0x1b5 stack/nwk/src/nwk.o
 .debug_abbrev  0x00001a9f      0x27f stack/nwk/src/nwkDataReq.o
 .debug_abbrev  0x00001d1e      0x183 stack/nwk/src/nwkFrame.o
 .debug_abbrev  0x00001ea1      0x332 stack/nwk/src/nwkRoute.o
 .debug_abbrev  0x000021d3      0x38a stack/nwk/src/nwkRx.o
 .debug_abbrev  0x0000255d      0x30c stack/nwk/src/nwkTx.o
 .debug_abbrev  0x00002869      0x230 stack/phy/atmega256rfr2/src/phy.o
 .debug_abbrev  0x00002a99       0x63 stack/sys/src/sys.o
 .debug_abbrev  0x00002afc      0x19b stack/sys/src/sysTimer.o

.debug_line     0x00000000     0x26d7
 *(.debug_line .debug_line.* .debug_line_end)
 .debug_line    0x00000000       0x1a c:/apps/atmel/studio/7.0/toolchain/avr8/avr8-gnu-toolchain/bin/../lib/gcc/avr/5.4.0/../../../../avr/lib/avr6/crtatmega256rfr2.o
 .debug_line    0x0000001a      0x3bd main.o
 .debug_line    0x000003d7      0x167 stack/hal/atmega256rfr2/src/hal.o
 .debug_line    0x0000053e      0x11e stack/hal/atmega256rfr2/src/halTimer.o
 .debug_line    0x0000065c      0x1cc stack/hal/drivers/atmega256rfr2/src/halSleep.o
 .debug_line    0x00000828      0x2b5 stack/hal/drivers/atmega256rfr2/src/halUart.o
 .debug_line    0x00000add      0x29c stack/nwk/src/nwk.o
 .debug_line    0x00000d79      0x23d stack/nwk/src/nwkDataReq.o
 .debug_line    0x00000fb6      0x1c2 stack/nwk/src/nwkFrame.o
 .debug_line    0x00001178      0x47d stack/nwk/src/nwkRoute.o
 .debug_line    0x000015f5      0x4a5 stack/nwk/src/nwkRx.o
 .debug_line    0x00001a9a      0x4bb stack/nwk/src/nwkTx.o
 .debug_line    0x00001f55      0x3cf stack/phy/atmega256rfr2/src/phy.o
 .debug_line    0x00002324      0x108 stack/sys/src/sys.o
 .debug_line    0x0000242c      0x2ab stack/sys/src/sysTimer.o

.debug_frame    0x00000000      0xa3c
 *(.debug_frame)
 .debug_frame   0x00000000      0x118 main.o
 .debug_frame   0x00000118       0x34 stack/hal/atmega256rfr2/src/hal.o
 .debug_frame   0x0000014c       0x54 stack/hal/atmega256rfr2/src/halTimer.o
 .debug_frame   0x000001a0       0x50 stack/hal/drivers/atmega256rfr2/src/halSleep.o
 .debug_frame   0x000001f0       0xe4 stack/hal/drivers/atmega256rfr2/src/halUart.o
 .debug_frame   0x000002d4       0xd4 stack/nwk/src/nwk.o
 .debug_frame   0x000003a8       0x68 stack/nwk/src/nwkDataReq.o
 .debug_frame   0x00000410       0x64 stack/nwk/src/nwkFrame.o
 .debug_frame   0x00000474      0x174 stack/nwk/src/nwkRoute.o
 .debug_frame   0x000005e8       0xe0 stack/nwk/src/nwkRx.o
 .debug_frame   0x000006c8      0x144 stack/nwk/src/nwkTx.o
 .debug_frame   0x0000080c      0x13c stack/phy/atmega256rfr2/src/phy.o
 .debug_frame   0x00000948       0x34 stack/sys/src/sys.o
 .debug_frame   0x0000097c       0xc0 stack/sys/src/sysTimer.o

.debug_str      0x00000000     0x1f33
 *(.debug_str)
 .debug_str     0x00000000      0x7f7 c:/apps/atmel/studio/7.0/toolchain/avr8/avr8-gnu-toolchain/bin/../lib/gcc/avr/5.4.0/../../../../avr/lib/avr6/crtatmega256rfr2.o
 .debug_str     0x000007f7      0x4e8 main.o
                                0x52d (size before relaxing)
 .debug_str     0x00000cdf       0x6a stack/hal/atmega256rfr2/src/hal.o
                                0x1d5 (size before relaxing)
 .debug_str     0x00000d49       0x47 stack/hal/atmega256rfr2/src/halTimer.o
                                0x1cf (size before relaxing)
 .debug_str     0x00000d90       0x97 stack/hal/drivers/atmega256rfr2/src/halSleep.o
                                0x21a (size before relaxing)
 .debug_str     0x00000e27       0x96 stack/hal/drivers/atmega256rfr2/src/halUart.o
                                0x298 (size before relaxing)
 .debug_str     0x00000ebd      0x157 stack/nwk/src/nwk.o
                                0x35c (size before relaxing)
 .debug_str     0x00001014      0x2a9 stack/nwk/src/nwkDataReq.o
                                0x58b (size before relaxing)
 .debug_str     0x000012bd       0x61 stack/nwk/src/nwkFrame.o
                                0x42a (size before relaxing)
 .debug_str     0x0000131e      0x1fa stack/nwk/src/nwkRoute.o
                                0x634 (size before relaxing)
 .debug_str     0x00001518      0x2bb stack/nwk/src/nwkRx.o
                                0x76d (size before relaxing)
 .debug_str     0x000017d3      0x1c7 stack/nwk/src/nwkTx.o
                                0x6fd (size before relaxing)
 .debug_str     0x0000199a      0x518 stack/phy/atmega256rfr2/src/phy.o
                                0x79c (size before relaxing)
 .debug_str     0x00001eb2       0x3a stack/sys/src/sys.o
                                0x1f7 (size before relaxing)
 .debug_str     0x00001eec       0x47 stack/sys/src/sysTimer.o
                                0x28c (size before relaxing)

.debug_loc      0x00000000     0x2687
 *(.debug_loc)
 .debug_loc     0x00000000      0x372 main.o
 .debug_loc     0x00000372       0x21 stack/hal/atmega256rfr2/src/hal.o
 .debug_loc     0x00000393       0x62 stack/hal/atmega256rfr2/src/halTimer.o
 .debug_loc     0x000003f5      0x179 stack/hal/drivers/atmega256rfr2/src/halSleep.o
 .debug_loc     0x0000056e      0x212 stack/hal/drivers/atmega256rfr2/src/halUart.o
 .debug_loc     0x00000780      0x14d stack/nwk/src/nwk.o
 .debug_loc     0x000008cd      0x137 stack/nwk/src/nwkDataReq.o
 .debug_loc     0x00000a04       0xe2 stack/nwk/src/nwkFrame.o
 .debug_loc     0x00000ae6      0x875 stack/nwk/src/nwkRoute.o
 .debug_loc     0x0000135b      0x543 stack/nwk/src/nwkRx.o
 .debug_loc     0x0000189e      0x691 stack/nwk/src/nwkTx.o
 .debug_loc     0x00001f2f      0x32a stack/phy/atmega256rfr2/src/phy.o
 .debug_loc     0x00002259      0x42e stack/sys/src/sysTimer.o

.debug_macinfo
 *(.debug_macinfo)

.debug_weaknames
 *(.debug_weaknames)

.debug_funcnames
 *(.debug_funcnames)

.debug_typenames
 *(.debug_typenames)

.debug_varnames
 *(.debug_varnames)

.debug_pubtypes
 *(.debug_pubtypes)

.debug_ranges   0x00000000      0x4b0
 *(.debug_ranges)
 .debug_ranges  0x00000000       0x98 main.o
 .debug_ranges  0x00000098       0x18 stack/hal/atmega256rfr2/src/hal.o
 .debug_ranges  0x000000b0       0x20 stack/hal/atmega256rfr2/src/halTimer.o
 .debug_ranges  0x000000d0       0x30 stack/hal/drivers/atmega256rfr2/src/halSleep.o
 .debug_ranges  0x00000100       0x38 stack/hal/drivers/atmega256rfr2/src/halUart.o
 .debug_ranges  0x00000138       0x60 stack/nwk/src/nwk.o
 .debug_ranges  0x00000198       0x28 stack/nwk/src/nwkDataReq.o
 .debug_ranges  0x000001c0       0x30 stack/nwk/src/nwkFrame.o
 .debug_ranges  0x000001f0       0x88 stack/nwk/src/nwkRoute.o
 .debug_ranges  0x00000278       0xd0 stack/nwk/src/nwkRx.o
 .debug_ranges  0x00000348       0x68 stack/nwk/src/nwkTx.o
 .debug_ranges  0x000003b0       0x78 stack/phy/atmega256rfr2/src/phy.o
 .debug_ranges  0x00000428       0x18 stack/sys/src/sys.o
 .debug_ranges  0x00000440       0x70 stack/sys/src/sysTimer.o

.debug_macro
 *(.debug_macro)
OUTPUT(LWM_MSSY.elf elf32-avr)
LOAD linker stubs
